2026-07-05 15:59:22,828 [31m[1mWARNING: This is a development server. Do not use it in a production deployment. Use a production WSGI server instead.[0m
 * Running on all addresses (0.0.0.0)
 * Running on http://127.0.0.1:5000
 * Running on http://192.168.0.101:5000
2026-07-05 15:59:22,829 [33mPress CTRL+C to quit[0m
2026-07-05 15:59:34,679 127.0.0.1 GET /admin | Mozilla/5.0 (Windows NT 10.0; Win64; x64) AppleWebKit/537.36 (KHTML, like Gecko) Chrome/150.0.0.0 Safari/537.36
2026-07-05 15:59:34,680 Exception on /admin [GET]
Traceback (most recent call last):
  File "C:\Users\yashw\AppData\Local\Programs\Python\Python311\Lib\site-packages\flask\app.py", line 1511, in wsgi_app
    response = self.full_dispatch_request()
               ^^^^^^^^^^^^^^^^^^^^^^^^^^^^
  File "C:\Users\yashw\AppData\Local\Programs\Python\Python311\Lib\site-packages\flask\app.py", line 919, in full_dispatch_request
    rv = self.handle_user_exception(e)
         ^^^^^^^^^^^^^^^^^^^^^^^^^^^^^
  File "C:\Users\yashw\AppData\Local\Programs\Python\Python311\Lib\site-packages\flask\app.py", line 917, in full_dispatch_request
    rv = self.dispatch_request()
         ^^^^^^^^^^^^^^^^^^^^^^^
  File "C:\Users\yashw\AppData\Local\Programs\Python\Python311\Lib\site-packages\flask\app.py", line 902, in dispatch_request
    return self.ensure_sync(self.view_functions[rule.endpoint])(**view_args)  # type: ignore[no-any-return]
           ^^^^^^^^^^^^^^^^^^^^^^^^^^^^^^^^^^^^^^^^^^^^^^^^^^^^^^^^^^^^^^^^^
  File "C:\Desktop\WLOVE\decepti_trap\app.py", line 31, in admin
    return render_template('admin.html', error=error)
           ^^^^^^^^^^^^^^^^^^^^^^^^^^^^^^^^^^^^^^^^^^
  File "C:\Users\yashw\AppData\Local\Programs\Python\Python311\Lib\site-packages\flask\templating.py", line 149, in render_template
    template = app.jinja_env.get_or_select_template(template_name_or_list)
               ^^^^^^^^^^^^^^^^^^^^^^^^^^^^^^^^^^^^^^^^^^^^^^^^^^^^^^^^^^^
  File "C:\Users\yashw\AppData\Local\Programs\Python\Python311\Lib\site-packages\jinja2\environment.py", line 1087, in get_or_select_template
    return self.get_template(template_name_or_list, parent, globals)
           ^^^^^^^^^^^^^^^^^^^^^^^^^^^^^^^^^^^^^^^^^^^^^^^^^^^^^^^^^
  File "C:\Users\yashw\AppData\Local\Programs\Python\Python311\Lib\site-packages\jinja2\environment.py", line 1016, in get_template
    return self._load_template(name, globals)
           ^^^^^^^^^^^^^^^^^^^^^^^^^^^^^^^^^^
  File "C:\Users\yashw\AppData\Local\Programs\Python\Python311\Lib\site-packages\jinja2\environment.py", line 975, in _load_template
    template = self.loader.load(self, name, self.make_globals(globals))
               ^^^^^^^^^^^^^^^^^^^^^^^^^^^^^^^^^^^^^^^^^^^^^^^^^^^^^^^^
  File "C:\Users\yashw\AppData\Local\Programs\Python\Python311\Lib\site-packages\jinja2\loaders.py", line 126, in load
    source, filename, uptodate = self.get_source(environment, name)
                                 ^^^^^^^^^^^^^^^^^^^^^^^^^^^^^^^^^^
  File "C:\Users\yashw\AppData\Local\Programs\Python\Python311\Lib\site-packages\flask\templating.py", line 65, in get_source
    return self._get_source_fast(environment, template)
           ^^^^^^^^^^^^^^^^^^^^^^^^^^^^^^^^^^^^^^^^^^^^
  File "C:\Users\yashw\AppData\Local\Programs\Python\Python311\Lib\site-packages\flask\templating.py", line 99, in _get_source_fast
    raise TemplateNotFound(template)
jinja2.exceptions.TemplateNotFound: admin.html
2026-07-05 15:59:34,729 127.0.0.1 - - [05/Jul/2026 15:59:34] "[35m[1mGET /admin HTTP/1.1[0m" 500 -
2026-07-05 15:59:34,941 127.0.0.1 GET /favicon.ico | Mozilla/5.0 (Windows NT 10.0; Win64; x64) AppleWebKit/537.36 (KHTML, like Gecko) Chrome/150.0.0.0 Safari/537.36
2026-07-05 15:59:34,942 Exception on /favicon.ico [GET]
Traceback (most recent call last):
  File "C:\Users\yashw\AppData\Local\Programs\Python\Python311\Lib\site-packages\flask\app.py", line 917, in full_dispatch_request
    rv = self.dispatch_request()
         ^^^^^^^^^^^^^^^^^^^^^^^
  File "C:\Users\yashw\AppData\Local\Programs\Python\Python311\Lib\site-packages\flask\app.py", line 891, in dispatch_request
    self.raise_routing_exception(req)
  File "C:\Users\yashw\AppData\Local\Programs\Python\Python311\Lib\site-packages\flask\app.py", line 500, in raise_routing_exception
    raise request.routing_exception  # type: ignore[misc]
    ^^^^^^^^^^^^^^^^^^^^^^^^^^^^^^^
  File "C:\Users\yashw\AppData\Local\Programs\Python\Python311\Lib\site-packages\flask\ctx.py", line 362, in match_request
    result = self.url_adapter.match(return_rule=True)  # type: ignore
             ^^^^^^^^^^^^^^^^^^^^^^^^^^^^^^^^^^^^^^^^
  File "C:\Users\yashw\AppData\Local\Programs\Python\Python311\Lib\site-packages\werkzeug\routing\map.py", line 629, in match
    raise NotFound() from None
werkzeug.exceptions.NotFound: 404 Not Found: The requested URL was not found on the server. If you entered the URL manually please check your spelling and try again.

During handling of the above exception, another exception occurred:

Traceback (most recent call last):
  File "C:\Users\yashw\AppData\Local\Programs\Python\Python311\Lib\site-packages\flask\app.py", line 1511, in wsgi_app
    response = self.full_dispatch_request()
               ^^^^^^^^^^^^^^^^^^^^^^^^^^^^
  File "C:\Users\yashw\AppData\Local\Programs\Python\Python311\Lib\site-packages\flask\app.py", line 919, in full_dispatch_request
    rv = self.handle_user_exception(e)
         ^^^^^^^^^^^^^^^^^^^^^^^^^^^^^
  File "C:\Users\yashw\AppData\Local\Programs\Python\Python311\Lib\site-packages\flask\app.py", line 802, in handle_user_exception
    return self.handle_http_exception(e)
           ^^^^^^^^^^^^^^^^^^^^^^^^^^^^^
  File "C:\Users\yashw\AppData\Local\Programs\Python\Python311\Lib\site-packages\flask\app.py", line 777, in handle_http_exception
    return self.ensure_sync(handler)(e)  # type: ignore[no-any-return]
           ^^^^^^^^^^^^^^^^^^^^^^^^^^^^
  File "C:\Desktop\WLOVE\decepti_trap\app.py", line 63, in not_found
    return render_template('404.html'), 404
           ^^^^^^^^^^^^^^^^^^^^^^^^^^^
  File "C:\Users\yashw\AppData\Local\Programs\Python\Python311\Lib\site-packages\flask\templating.py", line 149, in render_template
    template = app.jinja_env.get_or_select_template(template_name_or_list)
               ^^^^^^^^^^^^^^^^^^^^^^^^^^^^^^^^^^^^^^^^^^^^^^^^^^^^^^^^^^^
  File "C:\Users\yashw\AppData\Local\Programs\Python\Python311\Lib\site-packages\jinja2\environment.py", line 1087, in get_or_select_template
    return self.get_template(template_name_or_list, parent, globals)
           ^^^^^^^^^^^^^^^^^^^^^^^^^^^^^^^^^^^^^^^^^^^^^^^^^^^^^^^^^
  File "C:\Users\yashw\AppData\Local\Programs\Python\Python311\Lib\site-packages\jinja2\environment.py", line 1016, in get_template
    return self._load_template(name, globals)
           ^^^^^^^^^^^^^^^^^^^^^^^^^^^^^^^^^^
  File "C:\Users\yashw\AppData\Local\Programs\Python\Python311\Lib\site-packages\jinja2\environment.py", line 975, in _load_template
    template = self.loader.load(self, name, self.make_globals(globals))
               ^^^^^^^^^^^^^^^^^^^^^^^^^^^^^^^^^^^^^^^^^^^^^^^^^^^^^^^^
  File "C:\Users\yashw\AppData\Local\Programs\Python\Python311\Lib\site-packages\jinja2\loaders.py", line 126, in load
    source, filename, uptodate = self.get_source(environment, name)
                                 ^^^^^^^^^^^^^^^^^^^^^^^^^^^^^^^^^^
  File "C:\Users\yashw\AppData\Local\Programs\Python\Python311\Lib\site-packages\flask\templating.py", line 65, in get_source
    return self._get_source_fast(environment, template)
           ^^^^^^^^^^^^^^^^^^^^^^^^^^^^^^^^^^^^^^^^^^^^
  File "C:\Users\yashw\AppData\Local\Programs\Python\Python311\Lib\site-packages\flask\templating.py", line 99, in _get_source_fast
    raise TemplateNotFound(template)
jinja2.exceptions.TemplateNotFound: 404.html
2026-07-05 15:59:34,977 127.0.0.1 - - [05/Jul/2026 15:59:34] "[35m[1mGET /favicon.ico HTTP/1.1[0m" 500 -
2026-07-05 15:59:35,827 127.0.0.1 GET /admin | Mozilla/5.0 (Windows NT 10.0; Win64; x64) AppleWebKit/537.36 (KHTML, like Gecko) Chrome/150.0.0.0 Safari/537.36
2026-07-05 15:59:35,827 Exception on /admin [GET]
Traceback (most recent call last):
  File "C:\Users\yashw\AppData\Local\Programs\Python\Python311\Lib\site-packages\flask\app.py", line 1511, in wsgi_app
    response = self.full_dispatch_request()
               ^^^^^^^^^^^^^^^^^^^^^^^^^^^^
  File "C:\Users\yashw\AppData\Local\Programs\Python\Python311\Lib\site-packages\flask\app.py", line 919, in full_dispatch_request
    rv = self.handle_user_exception(e)
         ^^^^^^^^^^^^^^^^^^^^^^^^^^^^^
  File "C:\Users\yashw\AppData\Local\Programs\Python\Python311\Lib\site-packages\flask\app.py", line 917, in full_dispatch_request
    rv = self.dispatch_request()
         ^^^^^^^^^^^^^^^^^^^^^^^
  File "C:\Users\yashw\AppData\Local\Programs\Python\Python311\Lib\site-packages\flask\app.py", line 902, in dispatch_request
    return self.ensure_sync(self.view_functions[rule.endpoint])(**view_args)  # type: ignore[no-any-return]
           ^^^^^^^^^^^^^^^^^^^^^^^^^^^^^^^^^^^^^^^^^^^^^^^^^^^^^^^^^^^^^^^^^
  File "C:\Desktop\WLOVE\decepti_trap\app.py", line 31, in admin
    return render_template('admin.html', error=error)
           ^^^^^^^^^^^^^^^^^^^^^^^^^^^^^^^^^^^^^^^^^^
  File "C:\Users\yashw\AppData\Local\Programs\Python\Python311\Lib\site-packages\flask\templating.py", line 149, in render_template
    template = app.jinja_env.get_or_select_template(template_name_or_list)
               ^^^^^^^^^^^^^^^^^^^^^^^^^^^^^^^^^^^^^^^^^^^^^^^^^^^^^^^^^^^
  File "C:\Users\yashw\AppData\Local\Programs\Python\Python311\Lib\site-packages\jinja2\environment.py", line 1087, in get_or_select_template
    return self.get_template(template_name_or_list, parent, globals)
           ^^^^^^^^^^^^^^^^^^^^^^^^^^^^^^^^^^^^^^^^^^^^^^^^^^^^^^^^^
  File "C:\Users\yashw\AppData\Local\Programs\Python\Python311\Lib\site-packages\jinja2\environment.py", line 1016, in get_template
    return self._load_template(name, globals)
           ^^^^^^^^^^^^^^^^^^^^^^^^^^^^^^^^^^
  File "C:\Users\yashw\AppData\Local\Programs\Python\Python311\Lib\site-packages\jinja2\environment.py", line 975, in _load_template
    template = self.loader.load(self, name, self.make_globals(globals))
               ^^^^^^^^^^^^^^^^^^^^^^^^^^^^^^^^^^^^^^^^^^^^^^^^^^^^^^^^
  File "C:\Users\yashw\AppData\Local\Programs\Python\Python311\Lib\site-packages\jinja2\loaders.py", line 126, in load
    source, filename, uptodate = self.get_source(environment, name)
                                 ^^^^^^^^^^^^^^^^^^^^^^^^^^^^^^^^^^
  File "C:\Users\yashw\AppData\Local\Programs\Python\Python311\Lib\site-packages\flask\templating.py", line 65, in get_source
    return self._get_source_fast(environment, template)
           ^^^^^^^^^^^^^^^^^^^^^^^^^^^^^^^^^^^^^^^^^^^^
  File "C:\Users\yashw\AppData\Local\Programs\Python\Python311\Lib\site-packages\flask\templating.py", line 99, in _get_source_fast
    raise TemplateNotFound(template)
jinja2.exceptions.TemplateNotFound: admin.html
2026-07-05 15:59:35,828 127.0.0.1 - - [05/Jul/2026 15:59:35] "[35m[1mGET /admin HTTP/1.1[0m" 500 -
2026-07-05 15:59:36,188 127.0.0.1 GET /favicon.ico | Mozilla/5.0 (Windows NT 10.0; Win64; x64) AppleWebKit/537.36 (KHTML, like Gecko) Chrome/150.0.0.0 Safari/537.36
2026-07-05 15:59:36,190 Exception on /favicon.ico [GET]
Traceback (most recent call last):
  File "C:\Users\yashw\AppData\Local\Programs\Python\Python311\Lib\site-packages\flask\app.py", line 917, in full_dispatch_request
    rv = self.dispatch_request()
         ^^^^^^^^^^^^^^^^^^^^^^^
  File "C:\Users\yashw\AppData\Local\Programs\Python\Python311\Lib\site-packages\flask\app.py", line 891, in dispatch_request
    self.raise_routing_exception(req)
  File "C:\Users\yashw\AppData\Local\Programs\Python\Python311\Lib\site-packages\flask\app.py", line 500, in raise_routing_exception
    raise request.routing_exception  # type: ignore[misc]
    ^^^^^^^^^^^^^^^^^^^^^^^^^^^^^^^
  File "C:\Users\yashw\AppData\Local\Programs\Python\Python311\Lib\site-packages\flask\ctx.py", line 362, in match_request
    result = self.url_adapter.match(return_rule=True)  # type: ignore
             ^^^^^^^^^^^^^^^^^^^^^^^^^^^^^^^^^^^^^^^^
  File "C:\Users\yashw\AppData\Local\Programs\Python\Python311\Lib\site-packages\werkzeug\routing\map.py", line 629, in match
    raise NotFound() from None
werkzeug.exceptions.NotFound: 404 Not Found: The requested URL was not found on the server. If you entered the URL manually please check your spelling and try again.

During handling of the above exception, another exception occurred:

Traceback (most recent call last):
  File "C:\Users\yashw\AppData\Local\Programs\Python\Python311\Lib\site-packages\flask\app.py", line 1511, in wsgi_app
    response = self.full_dispatch_request()
               ^^^^^^^^^^^^^^^^^^^^^^^^^^^^
  File "C:\Users\yashw\AppData\Local\Programs\Python\Python311\Lib\site-packages\flask\app.py", line 919, in full_dispatch_request
    rv = self.handle_user_exception(e)
         ^^^^^^^^^^^^^^^^^^^^^^^^^^^^^
  File "C:\Users\yashw\AppData\Local\Programs\Python\Python311\Lib\site-packages\flask\app.py", line 802, in handle_user_exception
    return self.handle_http_exception(e)
           ^^^^^^^^^^^^^^^^^^^^^^^^^^^^^
  File "C:\Users\yashw\AppData\Local\Programs\Python\Python311\Lib\site-packages\flask\app.py", line 777, in handle_http_exception
    return self.ensure_sync(handler)(e)  # type: ignore[no-any-return]
           ^^^^^^^^^^^^^^^^^^^^^^^^^^^^
  File "C:\Desktop\WLOVE\decepti_trap\app.py", line 63, in not_found
    return render_template('404.html'), 404
           ^^^^^^^^^^^^^^^^^^^^^^^^^^^
  File "C:\Users\yashw\AppData\Local\Programs\Python\Python311\Lib\site-packages\flask\templating.py", line 149, in render_template
    template = app.jinja_env.get_or_select_template(template_name_or_list)
               ^^^^^^^^^^^^^^^^^^^^^^^^^^^^^^^^^^^^^^^^^^^^^^^^^^^^^^^^^^^
  File "C:\Users\yashw\AppData\Local\Programs\Python\Python311\Lib\site-packages\jinja2\environment.py", line 1087, in get_or_select_template
    return self.get_template(template_name_or_list, parent, globals)
           ^^^^^^^^^^^^^^^^^^^^^^^^^^^^^^^^^^^^^^^^^^^^^^^^^^^^^^^^^
  File "C:\Users\yashw\AppData\Local\Programs\Python\Python311\Lib\site-packages\jinja2\environment.py", line 1016, in get_template
    return self._load_template(name, globals)
           ^^^^^^^^^^^^^^^^^^^^^^^^^^^^^^^^^^
  File "C:\Users\yashw\AppData\Local\Programs\Python\Python311\Lib\site-packages\jinja2\environment.py", line 975, in _load_template
    template = self.loader.load(self, name, self.make_globals(globals))
               ^^^^^^^^^^^^^^^^^^^^^^^^^^^^^^^^^^^^^^^^^^^^^^^^^^^^^^^^
  File "C:\Users\yashw\AppData\Local\Programs\Python\Python311\Lib\site-packages\jinja2\loaders.py", line 126, in load
    source, filename, uptodate = self.get_source(environment, name)
                                 ^^^^^^^^^^^^^^^^^^^^^^^^^^^^^^^^^^
  File "C:\Users\yashw\AppData\Local\Programs\Python\Python311\Lib\site-packages\flask\templating.py", line 65, in get_source
    return self._get_source_fast(environment, template)
           ^^^^^^^^^^^^^^^^^^^^^^^^^^^^^^^^^^^^^^^^^^^^
  File "C:\Users\yashw\AppData\Local\Programs\Python\Python311\Lib\site-packages\flask\templating.py", line 99, in _get_source_fast
    raise TemplateNotFound(template)
jinja2.exceptions.TemplateNotFound: 404.html
2026-07-05 15:59:36,191 127.0.0.1 - - [05/Jul/2026 15:59:36] "[35m[1mGET /favicon.ico HTTP/1.1[0m" 500 -
2026-07-05 15:59:36,462 127.0.0.1 GET /admin | Mozilla/5.0 (Windows NT 10.0; Win64; x64) AppleWebKit/537.36 (KHTML, like Gecko) Chrome/150.0.0.0 Safari/537.36
2026-07-05 15:59:36,463 Exception on /admin [GET]
Traceback (most recent call last):
  File "C:\Users\yashw\AppData\Local\Programs\Python\Python311\Lib\site-packages\flask\app.py", line 1511, in wsgi_app
    response = self.full_dispatch_request()
               ^^^^^^^^^^^^^^^^^^^^^^^^^^^^
  File "C:\Users\yashw\AppData\Local\Programs\Python\Python311\Lib\site-packages\flask\app.py", line 919, in full_dispatch_request
    rv = self.handle_user_exception(e)
         ^^^^^^^^^^^^^^^^^^^^^^^^^^^^^
  File "C:\Users\yashw\AppData\Local\Programs\Python\Python311\Lib\site-packages\flask\app.py", line 917, in full_dispatch_request
    rv = self.dispatch_request()
         ^^^^^^^^^^^^^^^^^^^^^^^
  File "C:\Users\yashw\AppData\Local\Programs\Python\Python311\Lib\site-packages\flask\app.py", line 902, in dispatch_request
    return self.ensure_sync(self.view_functions[rule.endpoint])(**view_args)  # type: ignore[no-any-return]
           ^^^^^^^^^^^^^^^^^^^^^^^^^^^^^^^^^^^^^^^^^^^^^^^^^^^^^^^^^^^^^^^^^
  File "C:\Desktop\WLOVE\decepti_trap\app.py", line 31, in admin
    return render_template('admin.html', error=error)
           ^^^^^^^^^^^^^^^^^^^^^^^^^^^^^^^^^^^^^^^^^^
  File "C:\Users\yashw\AppData\Local\Programs\Python\Python311\Lib\site-packages\flask\templating.py", line 149, in render_template
    template = app.jinja_env.get_or_select_template(template_name_or_list)
               ^^^^^^^^^^^^^^^^^^^^^^^^^^^^^^^^^^^^^^^^^^^^^^^^^^^^^^^^^^^
  File "C:\Users\yashw\AppData\Local\Programs\Python\Python311\Lib\site-packages\jinja2\environment.py", line 1087, in get_or_select_template
    return self.get_template(template_name_or_list, parent, globals)
           ^^^^^^^^^^^^^^^^^^^^^^^^^^^^^^^^^^^^^^^^^^^^^^^^^^^^^^^^^
  File "C:\Users\yashw\AppData\Local\Programs\Python\Python311\Lib\site-packages\jinja2\environment.py", line 1016, in get_template
    return self._load_template(name, globals)
           ^^^^^^^^^^^^^^^^^^^^^^^^^^^^^^^^^^
  File "C:\Users\yashw\AppData\Local\Programs\Python\Python311\Lib\site-packages\jinja2\environment.py", line 975, in _load_template
    template = self.loader.load(self, name, self.make_globals(globals))
               ^^^^^^^^^^^^^^^^^^^^^^^^^^^^^^^^^^^^^^^^^^^^^^^^^^^^^^^^
  File "C:\Users\yashw\AppData\Local\Programs\Python\Python311\Lib\site-packages\jinja2\loaders.py", line 126, in load
    source, filename, uptodate = self.get_source(environment, name)
                                 ^^^^^^^^^^^^^^^^^^^^^^^^^^^^^^^^^^
  File "C:\Users\yashw\AppData\Local\Programs\Python\Python311\Lib\site-packages\flask\templating.py", line 65, in get_source
    return self._get_source_fast(environment, template)
           ^^^^^^^^^^^^^^^^^^^^^^^^^^^^^^^^^^^^^^^^^^^^
  File "C:\Users\yashw\AppData\Local\Programs\Python\Python311\Lib\site-packages\flask\templating.py", line 99, in _get_source_fast
    raise TemplateNotFound(template)
jinja2.exceptions.TemplateNotFound: admin.html
2026-07-05 15:59:36,464 127.0.0.1 - - [05/Jul/2026 15:59:36] "[35m[1mGET /admin HTTP/1.1[0m" 500 -
2026-07-05 15:59:36,501 127.0.0.1 GET /admin | Mozilla/5.0 (Windows NT 10.0; Win64; x64) AppleWebKit/537.36 (KHTML, like Gecko) Chrome/150.0.0.0 Safari/537.36
2026-07-05 15:59:36,501 Exception on /admin [GET]
Traceback (most recent call last):
  File "C:\Users\yashw\AppData\Local\Programs\Python\Python311\Lib\site-packages\flask\app.py", line 1511, in wsgi_app
    response = self.full_dispatch_request()
               ^^^^^^^^^^^^^^^^^^^^^^^^^^^^
  File "C:\Users\yashw\AppData\Local\Programs\Python\Python311\Lib\site-packages\flask\app.py", line 919, in full_dispatch_request
    rv = self.handle_user_exception(e)
         ^^^^^^^^^^^^^^^^^^^^^^^^^^^^^
  File "C:\Users\yashw\AppData\Local\Programs\Python\Python311\Lib\site-packages\flask\app.py", line 917, in full_dispatch_request
    rv = self.dispatch_request()
         ^^^^^^^^^^^^^^^^^^^^^^^
  File "C:\Users\yashw\AppData\Local\Programs\Python\Python311\Lib\site-packages\flask\app.py", line 902, in dispatch_request
    return self.ensure_sync(self.view_functions[rule.endpoint])(**view_args)  # type: ignore[no-any-return]
           ^^^^^^^^^^^^^^^^^^^^^^^^^^^^^^^^^^^^^^^^^^^^^^^^^^^^^^^^^^^^^^^^^
  File "C:\Desktop\WLOVE\decepti_trap\app.py", line 31, in admin
    return render_template('admin.html', error=error)
           ^^^^^^^^^^^^^^^^^^^^^^^^^^^^^^^^^^^^^^^^^^
  File "C:\Users\yashw\AppData\Local\Programs\Python\Python311\Lib\site-packages\flask\templating.py", line 149, in render_template
    template = app.jinja_env.get_or_select_template(template_name_or_list)
               ^^^^^^^^^^^^^^^^^^^^^^^^^^^^^^^^^^^^^^^^^^^^^^^^^^^^^^^^^^^
  File "C:\Users\yashw\AppData\Local\Programs\Python\Python311\Lib\site-packages\jinja2\environment.py", line 1087, in get_or_select_template
    return self.get_template(template_name_or_list, parent, globals)
           ^^^^^^^^^^^^^^^^^^^^^^^^^^^^^^^^^^^^^^^^^^^^^^^^^^^^^^^^^
  File "C:\Users\yashw\AppData\Local\Programs\Python\Python311\Lib\site-packages\jinja2\environment.py", line 1016, in get_template
    return self._load_template(name, globals)
           ^^^^^^^^^^^^^^^^^^^^^^^^^^^^^^^^^^
  File "C:\Users\yashw\AppData\Local\Programs\Python\Python311\Lib\site-packages\jinja2\environment.py", line 975, in _load_template
    template = self.loader.load(self, name, self.make_globals(globals))
               ^^^^^^^^^^^^^^^^^^^^^^^^^^^^^^^^^^^^^^^^^^^^^^^^^^^^^^^^
  File "C:\Users\yashw\AppData\Local\Programs\Python\Python311\Lib\site-packages\jinja2\loaders.py", line 126, in load
    source, filename, uptodate = self.get_source(environment, name)
                                 ^^^^^^^^^^^^^^^^^^^^^^^^^^^^^^^^^^
  File "C:\Users\yashw\AppData\Local\Programs\Python\Python311\Lib\site-packages\flask\templating.py", line 65, in get_source
    return self._get_source_fast(environment, template)
           ^^^^^^^^^^^^^^^^^^^^^^^^^^^^^^^^^^^^^^^^^^^^
  File "C:\Users\yashw\AppData\Local\Programs\Python\Python311\Lib\site-packages\flask\templating.py", line 99, in _get_source_fast
    raise TemplateNotFound(template)
jinja2.exceptions.TemplateNotFound: admin.html
2026-07-05 15:59:36,502 127.0.0.1 - - [05/Jul/2026 15:59:36] "[35m[1mGET /admin HTTP/1.1[0m" 500 -
2026-07-05 15:59:36,826 127.0.0.1 GET /favicon.ico | Mozilla/5.0 (Windows NT 10.0; Win64; x64) AppleWebKit/537.36 (KHTML, like Gecko) Chrome/150.0.0.0 Safari/537.36
2026-07-05 15:59:36,827 Exception on /favicon.ico [GET]
Traceback (most recent call last):
  File "C:\Users\yashw\AppData\Local\Programs\Python\Python311\Lib\site-packages\flask\app.py", line 917, in full_dispatch_request
    rv = self.dispatch_request()
         ^^^^^^^^^^^^^^^^^^^^^^^
  File "C:\Users\yashw\AppData\Local\Programs\Python\Python311\Lib\site-packages\flask\app.py", line 891, in dispatch_request
    self.raise_routing_exception(req)
  File "C:\Users\yashw\AppData\Local\Programs\Python\Python311\Lib\site-packages\flask\app.py", line 500, in raise_routing_exception
    raise request.routing_exception  # type: ignore[misc]
    ^^^^^^^^^^^^^^^^^^^^^^^^^^^^^^^
  File "C:\Users\yashw\AppData\Local\Programs\Python\Python311\Lib\site-packages\flask\ctx.py", line 362, in match_request
    result = self.url_adapter.match(return_rule=True)  # type: ignore
             ^^^^^^^^^^^^^^^^^^^^^^^^^^^^^^^^^^^^^^^^
  File "C:\Users\yashw\AppData\Local\Programs\Python\Python311\Lib\site-packages\werkzeug\routing\map.py", line 629, in match
    raise NotFound() from None
werkzeug.exceptions.NotFound: 404 Not Found: The requested URL was not found on the server. If you entered the URL manually please check your spelling and try again.

During handling of the above exception, another exception occurred:

Traceback (most recent call last):
  File "C:\Users\yashw\AppData\Local\Programs\Python\Python311\Lib\site-packages\flask\app.py", line 1511, in wsgi_app
    response = self.full_dispatch_request()
               ^^^^^^^^^^^^^^^^^^^^^^^^^^^^
  File "C:\Users\yashw\AppData\Local\Programs\Python\Python311\Lib\site-packages\flask\app.py", line 919, in full_dispatch_request
    rv = self.handle_user_exception(e)
         ^^^^^^^^^^^^^^^^^^^^^^^^^^^^^
  File "C:\Users\yashw\AppData\Local\Programs\Python\Python311\Lib\site-packages\flask\app.py", line 802, in handle_user_exception
    return self.handle_http_exception(e)
           ^^^^^^^^^^^^^^^^^^^^^^^^^^^^^
  File "C:\Users\yashw\AppData\Local\Programs\Python\Python311\Lib\site-packages\flask\app.py", line 777, in handle_http_exception
    return self.ensure_sync(handler)(e)  # type: ignore[no-any-return]
           ^^^^^^^^^^^^^^^^^^^^^^^^^^^^
  File "C:\Desktop\WLOVE\decepti_trap\app.py", line 63, in not_found
    return render_template('404.html'), 404
           ^^^^^^^^^^^^^^^^^^^^^^^^^^^
  File "C:\Users\yashw\AppData\Local\Programs\Python\Python311\Lib\site-packages\flask\templating.py", line 149, in render_template
    template = app.jinja_env.get_or_select_template(template_name_or_list)
               ^^^^^^^^^^^^^^^^^^^^^^^^^^^^^^^^^^^^^^^^^^^^^^^^^^^^^^^^^^^
  File "C:\Users\yashw\AppData\Local\Programs\Python\Python311\Lib\site-packages\jinja2\environment.py", line 1087, in get_or_select_template
    return self.get_template(template_name_or_list, parent, globals)
           ^^^^^^^^^^^^^^^^^^^^^^^^^^^^^^^^^^^^^^^^^^^^^^^^^^^^^^^^^
  File "C:\Users\yashw\AppData\Local\Programs\Python\Python311\Lib\site-packages\jinja2\environment.py", line 1016, in get_template
    return self._load_template(name, globals)
           ^^^^^^^^^^^^^^^^^^^^^^^^^^^^^^^^^^
  File "C:\Users\yashw\AppData\Local\Programs\Python\Python311\Lib\site-packages\jinja2\environment.py", line 975, in _load_template
    template = self.loader.load(self, name, self.make_globals(globals))
               ^^^^^^^^^^^^^^^^^^^^^^^^^^^^^^^^^^^^^^^^^^^^^^^^^^^^^^^^
  File "C:\Users\yashw\AppData\Local\Programs\Python\Python311\Lib\site-packages\jinja2\loaders.py", line 126, in load
    source, filename, uptodate = self.get_source(environment, name)
                                 ^^^^^^^^^^^^^^^^^^^^^^^^^^^^^^^^^^
  File "C:\Users\yashw\AppData\Local\Programs\Python\Python311\Lib\site-packages\flask\templating.py", line 65, in get_source
    return self._get_source_fast(environment, template)
           ^^^^^^^^^^^^^^^^^^^^^^^^^^^^^^^^^^^^^^^^^^^^
  File "C:\Users\yashw\AppData\Local\Programs\Python\Python311\Lib\site-packages\flask\templating.py", line 99, in _get_source_fast
    raise TemplateNotFound(template)
jinja2.exceptions.TemplateNotFound: 404.html
2026-07-05 15:59:36,828 127.0.0.1 - - [05/Jul/2026 15:59:36] "[35m[1mGET /favicon.ico HTTP/1.1[0m" 500 -
2026-07-05 15:59:37,322 127.0.0.1 GET /admin | Mozilla/5.0 (Windows NT 10.0; Win64; x64) AppleWebKit/537.36 (KHTML, like Gecko) Chrome/150.0.0.0 Safari/537.36
2026-07-05 15:59:37,323 Exception on /admin [GET]
Traceback (most recent call last):
  File "C:\Users\yashw\AppData\Local\Programs\Python\Python311\Lib\site-packages\flask\app.py", line 1511, in wsgi_app
    response = self.full_dispatch_request()
               ^^^^^^^^^^^^^^^^^^^^^^^^^^^^
  File "C:\Users\yashw\AppData\Local\Programs\Python\Python311\Lib\site-packages\flask\app.py", line 919, in full_dispatch_request
    rv = self.handle_user_exception(e)
         ^^^^^^^^^^^^^^^^^^^^^^^^^^^^^
  File "C:\Users\yashw\AppData\Local\Programs\Python\Python311\Lib\site-packages\flask\app.py", line 917, in full_dispatch_request
    rv = self.dispatch_request()
         ^^^^^^^^^^^^^^^^^^^^^^^
  File "C:\Users\yashw\AppData\Local\Programs\Python\Python311\Lib\site-packages\flask\app.py", line 902, in dispatch_request
    return self.ensure_sync(self.view_functions[rule.endpoint])(**view_args)  # type: ignore[no-any-return]
           ^^^^^^^^^^^^^^^^^^^^^^^^^^^^^^^^^^^^^^^^^^^^^^^^^^^^^^^^^^^^^^^^^
  File "C:\Desktop\WLOVE\decepti_trap\app.py", line 31, in admin
    return render_template('admin.html', error=error)
           ^^^^^^^^^^^^^^^^^^^^^^^^^^^^^^^^^^^^^^^^^^
  File "C:\Users\yashw\AppData\Local\Programs\Python\Python311\Lib\site-packages\flask\templating.py", line 149, in render_template
    template = app.jinja_env.get_or_select_template(template_name_or_list)
               ^^^^^^^^^^^^^^^^^^^^^^^^^^^^^^^^^^^^^^^^^^^^^^^^^^^^^^^^^^^
  File "C:\Users\yashw\AppData\Local\Programs\Python\Python311\Lib\site-packages\jinja2\environment.py", line 1087, in get_or_select_template
    return self.get_template(template_name_or_list, parent, globals)
           ^^^^^^^^^^^^^^^^^^^^^^^^^^^^^^^^^^^^^^^^^^^^^^^^^^^^^^^^^
  File "C:\Users\yashw\AppData\Local\Programs\Python\Python311\Lib\site-packages\jinja2\environment.py", line 1016, in get_template
    return self._load_template(name, globals)
           ^^^^^^^^^^^^^^^^^^^^^^^^^^^^^^^^^^
  File "C:\Users\yashw\AppData\Local\Programs\Python\Python311\Lib\site-packages\jinja2\environment.py", line 975, in _load_template
    template = self.loader.load(self, name, self.make_globals(globals))
               ^^^^^^^^^^^^^^^^^^^^^^^^^^^^^^^^^^^^^^^^^^^^^^^^^^^^^^^^
  File "C:\Users\yashw\AppData\Local\Programs\Python\Python311\Lib\site-packages\jinja2\loaders.py", line 126, in load
    source, filename, uptodate = self.get_source(environment, name)
                                 ^^^^^^^^^^^^^^^^^^^^^^^^^^^^^^^^^^
  File "C:\Users\yashw\AppData\Local\Programs\Python\Python311\Lib\site-packages\flask\templating.py", line 65, in get_source
    return self._get_source_fast(environment, template)
           ^^^^^^^^^^^^^^^^^^^^^^^^^^^^^^^^^^^^^^^^^^^^
  File "C:\Users\yashw\AppData\Local\Programs\Python\Python311\Lib\site-packages\flask\templating.py", line 99, in _get_source_fast
    raise TemplateNotFound(template)
jinja2.exceptions.TemplateNotFound: admin.html
2026-07-05 15:59:37,324 127.0.0.1 - - [05/Jul/2026 15:59:37] "[35m[1mGET /admin HTTP/1.1[0m" 500 -
2026-07-05 15:59:37,699 127.0.0.1 GET /admin | Mozilla/5.0 (Windows NT 10.0; Win64; x64) AppleWebKit/537.36 (KHTML, like Gecko) Chrome/150.0.0.0 Safari/537.36
2026-07-05 15:59:37,701 Exception on /admin [GET]
Traceback (most recent call last):
  File "C:\Users\yashw\AppData\Local\Programs\Python\Python311\Lib\site-packages\flask\app.py", line 1511, in wsgi_app
    response = self.full_dispatch_request()
               ^^^^^^^^^^^^^^^^^^^^^^^^^^^^
  File "C:\Users\yashw\AppData\Local\Programs\Python\Python311\Lib\site-packages\flask\app.py", line 919, in full_dispatch_request
    rv = self.handle_user_exception(e)
         ^^^^^^^^^^^^^^^^^^^^^^^^^^^^^
  File "C:\Users\yashw\AppData\Local\Programs\Python\Python311\Lib\site-packages\flask\app.py", line 917, in full_dispatch_request
    rv = self.dispatch_request()
         ^^^^^^^^^^^^^^^^^^^^^^^
  File "C:\Users\yashw\AppData\Local\Programs\Python\Python311\Lib\site-packages\flask\app.py", line 902, in dispatch_request
    return self.ensure_sync(self.view_functions[rule.endpoint])(**view_args)  # type: ignore[no-any-return]
           ^^^^^^^^^^^^^^^^^^^^^^^^^^^^^^^^^^^^^^^^^^^^^^^^^^^^^^^^^^^^^^^^^
  File "C:\Desktop\WLOVE\decepti_trap\app.py", line 31, in admin
    return render_template('admin.html', error=error)
           ^^^^^^^^^^^^^^^^^^^^^^^^^^^^^^^^^^^^^^^^^^
  File "C:\Users\yashw\AppData\Local\Programs\Python\Python311\Lib\site-packages\flask\templating.py", line 149, in render_template
    template = app.jinja_env.get_or_select_template(template_name_or_list)
               ^^^^^^^^^^^^^^^^^^^^^^^^^^^^^^^^^^^^^^^^^^^^^^^^^^^^^^^^^^^
  File "C:\Users\yashw\AppData\Local\Programs\Python\Python311\Lib\site-packages\jinja2\environment.py", line 1087, in get_or_select_template
    return self.get_template(template_name_or_list, parent, globals)
           ^^^^^^^^^^^^^^^^^^^^^^^^^^^^^^^^^^^^^^^^^^^^^^^^^^^^^^^^^
  File "C:\Users\yashw\AppData\Local\Programs\Python\Python311\Lib\site-packages\jinja2\environment.py", line 1016, in get_template
    return self._load_template(name, globals)
           ^^^^^^^^^^^^^^^^^^^^^^^^^^^^^^^^^^
  File "C:\Users\yashw\AppData\Local\Programs\Python\Python311\Lib\site-packages\jinja2\environment.py", line 975, in _load_template
    template = self.loader.load(self, name, self.make_globals(globals))
               ^^^^^^^^^^^^^^^^^^^^^^^^^^^^^^^^^^^^^^^^^^^^^^^^^^^^^^^^
  File "C:\Users\yashw\AppData\Local\Programs\Python\Python311\Lib\site-packages\jinja2\loaders.py", line 126, in load
    source, filename, uptodate = self.get_source(environment, name)
                                 ^^^^^^^^^^^^^^^^^^^^^^^^^^^^^^^^^^
  File "C:\Users\yashw\AppData\Local\Programs\Python\Python311\Lib\site-packages\flask\templating.py", line 65, in get_source
    return self._get_source_fast(environment, template)
           ^^^^^^^^^^^^^^^^^^^^^^^^^^^^^^^^^^^^^^^^^^^^
  File "C:\Users\yashw\AppData\Local\Programs\Python\Python311\Lib\site-packages\flask\templating.py", line 99, in _get_source_fast
    raise TemplateNotFound(template)
jinja2.exceptions.TemplateNotFound: admin.html
2026-07-05 15:59:37,702 127.0.0.1 - - [05/Jul/2026 15:59:37] "[35m[1mGET /admin HTTP/1.1[0m" 500 -
2026-07-05 15:59:37,935 127.0.0.1 GET /favicon.ico | Mozilla/5.0 (Windows NT 10.0; Win64; x64) AppleWebKit/537.36 (KHTML, like Gecko) Chrome/150.0.0.0 Safari/537.36
2026-07-05 15:59:37,935 Exception on /favicon.ico [GET]
Traceback (most recent call last):
  File "C:\Users\yashw\AppData\Local\Programs\Python\Python311\Lib\site-packages\flask\app.py", line 917, in full_dispatch_request
    rv = self.dispatch_request()
         ^^^^^^^^^^^^^^^^^^^^^^^
  File "C:\Users\yashw\AppData\Local\Programs\Python\Python311\Lib\site-packages\flask\app.py", line 891, in dispatch_request
    self.raise_routing_exception(req)
  File "C:\Users\yashw\AppData\Local\Programs\Python\Python311\Lib\site-packages\flask\app.py", line 500, in raise_routing_exception
    raise request.routing_exception  # type: ignore[misc]
    ^^^^^^^^^^^^^^^^^^^^^^^^^^^^^^^
  File "C:\Users\yashw\AppData\Local\Programs\Python\Python311\Lib\site-packages\flask\ctx.py", line 362, in match_request
    result = self.url_adapter.match(return_rule=True)  # type: ignore
             ^^^^^^^^^^^^^^^^^^^^^^^^^^^^^^^^^^^^^^^^
  File "C:\Users\yashw\AppData\Local\Programs\Python\Python311\Lib\site-packages\werkzeug\routing\map.py", line 629, in match
    raise NotFound() from None
werkzeug.exceptions.NotFound: 404 Not Found: The requested URL was not found on the server. If you entered the URL manually please check your spelling and try again.

During handling of the above exception, another exception occurred:

Traceback (most recent call last):
  File "C:\Users\yashw\AppData\Local\Programs\Python\Python311\Lib\site-packages\flask\app.py", line 1511, in wsgi_app
    response = self.full_dispatch_request()
               ^^^^^^^^^^^^^^^^^^^^^^^^^^^^
  File "C:\Users\yashw\AppData\Local\Programs\Python\Python311\Lib\site-packages\flask\app.py", line 919, in full_dispatch_request
    rv = self.handle_user_exception(e)
         ^^^^^^^^^^^^^^^^^^^^^^^^^^^^^
  File "C:\Users\yashw\AppData\Local\Programs\Python\Python311\Lib\site-packages\flask\app.py", line 802, in handle_user_exception
    return self.handle_http_exception(e)
           ^^^^^^^^^^^^^^^^^^^^^^^^^^^^^
  File "C:\Users\yashw\AppData\Local\Programs\Python\Python311\Lib\site-packages\flask\app.py", line 777, in handle_http_exception
    return self.ensure_sync(handler)(e)  # type: ignore[no-any-return]
           ^^^^^^^^^^^^^^^^^^^^^^^^^^^^
  File "C:\Desktop\WLOVE\decepti_trap\app.py", line 63, in not_found
    return render_template('404.html'), 404
           ^^^^^^^^^^^^^^^^^^^^^^^^^^^
  File "C:\Users\yashw\AppData\Local\Programs\Python\Python311\Lib\site-packages\flask\templating.py", line 149, in render_template
    template = app.jinja_env.get_or_select_template(template_name_or_list)
               ^^^^^^^^^^^^^^^^^^^^^^^^^^^^^^^^^^^^^^^^^^^^^^^^^^^^^^^^^^^
  File "C:\Users\yashw\AppData\Local\Programs\Python\Python311\Lib\site-packages\jinja2\environment.py", line 1087, in get_or_select_template
    return self.get_template(template_name_or_list, parent, globals)
           ^^^^^^^^^^^^^^^^^^^^^^^^^^^^^^^^^^^^^^^^^^^^^^^^^^^^^^^^^
  File "C:\Users\yashw\AppData\Local\Programs\Python\Python311\Lib\site-packages\jinja2\environment.py", line 1016, in get_template
    return self._load_template(name, globals)
           ^^^^^^^^^^^^^^^^^^^^^^^^^^^^^^^^^^
  File "C:\Users\yashw\AppData\Local\Programs\Python\Python311\Lib\site-packages\jinja2\environment.py", line 975, in _load_template
    template = self.loader.load(self, name, self.make_globals(globals))
               ^^^^^^^^^^^^^^^^^^^^^^^^^^^^^^^^^^^^^^^^^^^^^^^^^^^^^^^^
  File "C:\Users\yashw\AppData\Local\Programs\Python\Python311\Lib\site-packages\jinja2\loaders.py", line 126, in load
    source, filename, uptodate = self.get_source(environment, name)
                                 ^^^^^^^^^^^^^^^^^^^^^^^^^^^^^^^^^^
  File "C:\Users\yashw\AppData\Local\Programs\Python\Python311\Lib\site-packages\flask\templating.py", line 65, in get_source
    return self._get_source_fast(environment, template)
           ^^^^^^^^^^^^^^^^^^^^^^^^^^^^^^^^^^^^^^^^^^^^
  File "C:\Users\yashw\AppData\Local\Programs\Python\Python311\Lib\site-packages\flask\templating.py", line 99, in _get_source_fast
    raise TemplateNotFound(template)
jinja2.exceptions.TemplateNotFound: 404.html
2026-07-05 15:59:37,937 127.0.0.1 - - [05/Jul/2026 15:59:37] "[35m[1mGET /favicon.ico HTTP/1.1[0m" 500 -
2026-07-05 15:59:50,933 [31m[1mWARNING: This is a development server. Do not use it in a production deployment. Use a production WSGI server instead.[0m
 * Running on all addresses (0.0.0.0)
 * Running on http://127.0.0.1:5000
 * Running on http://192.168.0.101:5000
2026-07-05 15:59:50,933 [33mPress CTRL+C to quit[0m
2026-07-05 16:01:03,498 [31m[1mWARNING: This is a development server. Do not use it in a production deployment. Use a production WSGI server instead.[0m
 * Running on all addresses (0.0.0.0)
 * Running on http://127.0.0.1:5000
 * Running on http://192.168.0.101:5000
2026-07-05 16:01:03,504 [33mPress CTRL+C to quit[0m
2026-07-05 16:01:09,831 127.0.0.1 GET /admin | Mozilla/5.0 (Windows NT 10.0; Win64; x64) AppleWebKit/537.36 (KHTML, like Gecko) Chrome/150.0.0.0 Safari/537.36
2026-07-05 16:01:09,831 Exception on /admin [GET]
Traceback (most recent call last):
  File "C:\Users\yashw\AppData\Local\Programs\Python\Python311\Lib\site-packages\flask\app.py", line 1511, in wsgi_app
    response = self.full_dispatch_request()
               ^^^^^^^^^^^^^^^^^^^^^^^^^^^^
  File "C:\Users\yashw\AppData\Local\Programs\Python\Python311\Lib\site-packages\flask\app.py", line 919, in full_dispatch_request
    rv = self.handle_user_exception(e)
         ^^^^^^^^^^^^^^^^^^^^^^^^^^^^^
  File "C:\Users\yashw\AppData\Local\Programs\Python\Python311\Lib\site-packages\flask\app.py", line 917, in full_dispatch_request
    rv = self.dispatch_request()
         ^^^^^^^^^^^^^^^^^^^^^^^
  File "C:\Users\yashw\AppData\Local\Programs\Python\Python311\Lib\site-packages\flask\app.py", line 902, in dispatch_request
    return self.ensure_sync(self.view_functions[rule.endpoint])(**view_args)  # type: ignore[no-any-return]
           ^^^^^^^^^^^^^^^^^^^^^^^^^^^^^^^^^^^^^^^^^^^^^^^^^^^^^^^^^^^^^^^^^
  File "C:\Desktop\WLOVE\decepti_trap\app.py", line 31, in admin
    return render_template('admin.html', error=error)
           ^^^^^^^^^^^^^^^^^^^^^^^^^^^^^^^^^^^^^^^^^^
  File "C:\Users\yashw\AppData\Local\Programs\Python\Python311\Lib\site-packages\flask\templating.py", line 149, in render_template
    template = app.jinja_env.get_or_select_template(template_name_or_list)
               ^^^^^^^^^^^^^^^^^^^^^^^^^^^^^^^^^^^^^^^^^^^^^^^^^^^^^^^^^^^
  File "C:\Users\yashw\AppData\Local\Programs\Python\Python311\Lib\site-packages\jinja2\environment.py", line 1087, in get_or_select_template
    return self.get_template(template_name_or_list, parent, globals)
           ^^^^^^^^^^^^^^^^^^^^^^^^^^^^^^^^^^^^^^^^^^^^^^^^^^^^^^^^^
  File "C:\Users\yashw\AppData\Local\Programs\Python\Python311\Lib\site-packages\jinja2\environment.py", line 1016, in get_template
    return self._load_template(name, globals)
           ^^^^^^^^^^^^^^^^^^^^^^^^^^^^^^^^^^
  File "C:\Users\yashw\AppData\Local\Programs\Python\Python311\Lib\site-packages\jinja2\environment.py", line 975, in _load_template
    template = self.loader.load(self, name, self.make_globals(globals))
               ^^^^^^^^^^^^^^^^^^^^^^^^^^^^^^^^^^^^^^^^^^^^^^^^^^^^^^^^
  File "C:\Users\yashw\AppData\Local\Programs\Python\Python311\Lib\site-packages\jinja2\loaders.py", line 126, in load
    source, filename, uptodate = self.get_source(environment, name)
                                 ^^^^^^^^^^^^^^^^^^^^^^^^^^^^^^^^^^
  File "C:\Users\yashw\AppData\Local\Programs\Python\Python311\Lib\site-packages\flask\templating.py", line 65, in get_source
    return self._get_source_fast(environment, template)
           ^^^^^^^^^^^^^^^^^^^^^^^^^^^^^^^^^^^^^^^^^^^^
  File "C:\Users\yashw\AppData\Local\Programs\Python\Python311\Lib\site-packages\flask\templating.py", line 99, in _get_source_fast
    raise TemplateNotFound(template)
jinja2.exceptions.TemplateNotFound: admin.html
2026-07-05 16:01:09,835 127.0.0.1 - - [05/Jul/2026 16:01:09] "[35m[1mGET /admin HTTP/1.1[0m" 500 -
2026-07-05 16:01:10,088 127.0.0.1 GET /favicon.ico | Mozilla/5.0 (Windows NT 10.0; Win64; x64) AppleWebKit/537.36 (KHTML, like Gecko) Chrome/150.0.0.0 Safari/537.36
2026-07-05 16:01:10,089 Exception on /favicon.ico [GET]
Traceback (most recent call last):
  File "C:\Users\yashw\AppData\Local\Programs\Python\Python311\Lib\site-packages\flask\app.py", line 917, in full_dispatch_request
    rv = self.dispatch_request()
         ^^^^^^^^^^^^^^^^^^^^^^^
  File "C:\Users\yashw\AppData\Local\Programs\Python\Python311\Lib\site-packages\flask\app.py", line 891, in dispatch_request
    self.raise_routing_exception(req)
  File "C:\Users\yashw\AppData\Local\Programs\Python\Python311\Lib\site-packages\flask\app.py", line 500, in raise_routing_exception
    raise request.routing_exception  # type: ignore[misc]
    ^^^^^^^^^^^^^^^^^^^^^^^^^^^^^^^
  File "C:\Users\yashw\AppData\Local\Programs\Python\Python311\Lib\site-packages\flask\ctx.py", line 362, in match_request
    result = self.url_adapter.match(return_rule=True)  # type: ignore
             ^^^^^^^^^^^^^^^^^^^^^^^^^^^^^^^^^^^^^^^^
  File "C:\Users\yashw\AppData\Local\Programs\Python\Python311\Lib\site-packages\werkzeug\routing\map.py", line 629, in match
    raise NotFound() from None
werkzeug.exceptions.NotFound: 404 Not Found: The requested URL was not found on the server. If you entered the URL manually please check your spelling and try again.

During handling of the above exception, another exception occurred:

Traceback (most recent call last):
  File "C:\Users\yashw\AppData\Local\Programs\Python\Python311\Lib\site-packages\flask\app.py", line 1511, in wsgi_app
    response = self.full_dispatch_request()
               ^^^^^^^^^^^^^^^^^^^^^^^^^^^^
  File "C:\Users\yashw\AppData\Local\Programs\Python\Python311\Lib\site-packages\flask\app.py", line 919, in full_dispatch_request
    rv = self.handle_user_exception(e)
         ^^^^^^^^^^^^^^^^^^^^^^^^^^^^^
  File "C:\Users\yashw\AppData\Local\Programs\Python\Python311\Lib\site-packages\flask\app.py", line 802, in handle_user_exception
    return self.handle_http_exception(e)
           ^^^^^^^^^^^^^^^^^^^^^^^^^^^^^
  File "C:\Users\yashw\AppData\Local\Programs\Python\Python311\Lib\site-packages\flask\app.py", line 777, in handle_http_exception
    return self.ensure_sync(handler)(e)  # type: ignore[no-any-return]
           ^^^^^^^^^^^^^^^^^^^^^^^^^^^^
  File "C:\Desktop\WLOVE\decepti_trap\app.py", line 63, in not_found
    return render_template('404.html'), 404
           ^^^^^^^^^^^^^^^^^^^^^^^^^^^
  File "C:\Users\yashw\AppData\Local\Programs\Python\Python311\Lib\site-packages\flask\templating.py", line 149, in render_template
    template = app.jinja_env.get_or_select_template(template_name_or_list)
               ^^^^^^^^^^^^^^^^^^^^^^^^^^^^^^^^^^^^^^^^^^^^^^^^^^^^^^^^^^^
  File "C:\Users\yashw\AppData\Local\Programs\Python\Python311\Lib\site-packages\jinja2\environment.py", line 1087, in get_or_select_template
    return self.get_template(template_name_or_list, parent, globals)
           ^^^^^^^^^^^^^^^^^^^^^^^^^^^^^^^^^^^^^^^^^^^^^^^^^^^^^^^^^
  File "C:\Users\yashw\AppData\Local\Programs\Python\Python311\Lib\site-packages\jinja2\environment.py", line 1016, in get_template
    return self._load_template(name, globals)
           ^^^^^^^^^^^^^^^^^^^^^^^^^^^^^^^^^^
  File "C:\Users\yashw\AppData\Local\Programs\Python\Python311\Lib\site-packages\jinja2\environment.py", line 975, in _load_template
    template = self.loader.load(self, name, self.make_globals(globals))
               ^^^^^^^^^^^^^^^^^^^^^^^^^^^^^^^^^^^^^^^^^^^^^^^^^^^^^^^^
  File "C:\Users\yashw\AppData\Local\Programs\Python\Python311\Lib\site-packages\jinja2\loaders.py", line 126, in load
    source, filename, uptodate = self.get_source(environment, name)
                                 ^^^^^^^^^^^^^^^^^^^^^^^^^^^^^^^^^^
  File "C:\Users\yashw\AppData\Local\Programs\Python\Python311\Lib\site-packages\flask\templating.py", line 65, in get_source
    return self._get_source_fast(environment, template)
           ^^^^^^^^^^^^^^^^^^^^^^^^^^^^^^^^^^^^^^^^^^^^
  File "C:\Users\yashw\AppData\Local\Programs\Python\Python311\Lib\site-packages\flask\templating.py", line 99, in _get_source_fast
    raise TemplateNotFound(template)
jinja2.exceptions.TemplateNotFound: 404.html
2026-07-05 16:01:10,091 127.0.0.1 - - [05/Jul/2026 16:01:10] "[35m[1mGET /favicon.ico HTTP/1.1[0m" 500 -
2026-07-05 16:01:10,843 127.0.0.1 GET /admin | Mozilla/5.0 (Windows NT 10.0; Win64; x64) AppleWebKit/537.36 (KHTML, like Gecko) Chrome/150.0.0.0 Safari/537.36
2026-07-05 16:01:10,845 Exception on /admin [GET]
Traceback (most recent call last):
  File "C:\Users\yashw\AppData\Local\Programs\Python\Python311\Lib\site-packages\flask\app.py", line 1511, in wsgi_app
    response = self.full_dispatch_request()
               ^^^^^^^^^^^^^^^^^^^^^^^^^^^^
  File "C:\Users\yashw\AppData\Local\Programs\Python\Python311\Lib\site-packages\flask\app.py", line 919, in full_dispatch_request
    rv = self.handle_user_exception(e)
         ^^^^^^^^^^^^^^^^^^^^^^^^^^^^^
  File "C:\Users\yashw\AppData\Local\Programs\Python\Python311\Lib\site-packages\flask\app.py", line 917, in full_dispatch_request
    rv = self.dispatch_request()
         ^^^^^^^^^^^^^^^^^^^^^^^
  File "C:\Users\yashw\AppData\Local\Programs\Python\Python311\Lib\site-packages\flask\app.py", line 902, in dispatch_request
    return self.ensure_sync(self.view_functions[rule.endpoint])(**view_args)  # type: ignore[no-any-return]
           ^^^^^^^^^^^^^^^^^^^^^^^^^^^^^^^^^^^^^^^^^^^^^^^^^^^^^^^^^^^^^^^^^
  File "C:\Desktop\WLOVE\decepti_trap\app.py", line 31, in admin
    return render_template('admin.html', error=error)
           ^^^^^^^^^^^^^^^^^^^^^^^^^^^^^^^^^^^^^^^^^^
  File "C:\Users\yashw\AppData\Local\Programs\Python\Python311\Lib\site-packages\flask\templating.py", line 149, in render_template
    template = app.jinja_env.get_or_select_template(template_name_or_list)
               ^^^^^^^^^^^^^^^^^^^^^^^^^^^^^^^^^^^^^^^^^^^^^^^^^^^^^^^^^^^
  File "C:\Users\yashw\AppData\Local\Programs\Python\Python311\Lib\site-packages\jinja2\environment.py", line 1087, in get_or_select_template
    return self.get_template(template_name_or_list, parent, globals)
           ^^^^^^^^^^^^^^^^^^^^^^^^^^^^^^^^^^^^^^^^^^^^^^^^^^^^^^^^^
  File "C:\Users\yashw\AppData\Local\Programs\Python\Python311\Lib\site-packages\jinja2\environment.py", line 1016, in get_template
    return self._load_template(name, globals)
           ^^^^^^^^^^^^^^^^^^^^^^^^^^^^^^^^^^
  File "C:\Users\yashw\AppData\Local\Programs\Python\Python311\Lib\site-packages\jinja2\environment.py", line 975, in _load_template
    template = self.loader.load(self, name, self.make_globals(globals))
               ^^^^^^^^^^^^^^^^^^^^^^^^^^^^^^^^^^^^^^^^^^^^^^^^^^^^^^^^
  File "C:\Users\yashw\AppData\Local\Programs\Python\Python311\Lib\site-packages\jinja2\loaders.py", line 126, in load
    source, filename, uptodate = self.get_source(environment, name)
                                 ^^^^^^^^^^^^^^^^^^^^^^^^^^^^^^^^^^
  File "C:\Users\yashw\AppData\Local\Programs\Python\Python311\Lib\site-packages\flask\templating.py", line 65, in get_source
    return self._get_source_fast(environment, template)
           ^^^^^^^^^^^^^^^^^^^^^^^^^^^^^^^^^^^^^^^^^^^^
  File "C:\Users\yashw\AppData\Local\Programs\Python\Python311\Lib\site-packages\flask\templating.py", line 99, in _get_source_fast
    raise TemplateNotFound(template)
jinja2.exceptions.TemplateNotFound: admin.html
2026-07-05 16:01:10,845 127.0.0.1 - - [05/Jul/2026 16:01:10] "[35m[1mGET /admin HTTP/1.1[0m" 500 -
2026-07-05 16:01:11,217 127.0.0.1 GET /favicon.ico | Mozilla/5.0 (Windows NT 10.0; Win64; x64) AppleWebKit/537.36 (KHTML, like Gecko) Chrome/150.0.0.0 Safari/537.36
2026-07-05 16:01:11,218 Exception on /favicon.ico [GET]
Traceback (most recent call last):
  File "C:\Users\yashw\AppData\Local\Programs\Python\Python311\Lib\site-packages\flask\app.py", line 917, in full_dispatch_request
    rv = self.dispatch_request()
         ^^^^^^^^^^^^^^^^^^^^^^^
  File "C:\Users\yashw\AppData\Local\Programs\Python\Python311\Lib\site-packages\flask\app.py", line 891, in dispatch_request
    self.raise_routing_exception(req)
  File "C:\Users\yashw\AppData\Local\Programs\Python\Python311\Lib\site-packages\flask\app.py", line 500, in raise_routing_exception
    raise request.routing_exception  # type: ignore[misc]
    ^^^^^^^^^^^^^^^^^^^^^^^^^^^^^^^
  File "C:\Users\yashw\AppData\Local\Programs\Python\Python311\Lib\site-packages\flask\ctx.py", line 362, in match_request
    result = self.url_adapter.match(return_rule=True)  # type: ignore
             ^^^^^^^^^^^^^^^^^^^^^^^^^^^^^^^^^^^^^^^^
  File "C:\Users\yashw\AppData\Local\Programs\Python\Python311\Lib\site-packages\werkzeug\routing\map.py", line 629, in match
    raise NotFound() from None
werkzeug.exceptions.NotFound: 404 Not Found: The requested URL was not found on the server. If you entered the URL manually please check your spelling and try again.

During handling of the above exception, another exception occurred:

Traceback (most recent call last):
  File "C:\Users\yashw\AppData\Local\Programs\Python\Python311\Lib\site-packages\flask\app.py", line 1511, in wsgi_app
    response = self.full_dispatch_request()
               ^^^^^^^^^^^^^^^^^^^^^^^^^^^^
  File "C:\Users\yashw\AppData\Local\Programs\Python\Python311\Lib\site-packages\flask\app.py", line 919, in full_dispatch_request
    rv = self.handle_user_exception(e)
         ^^^^^^^^^^^^^^^^^^^^^^^^^^^^^
  File "C:\Users\yashw\AppData\Local\Programs\Python\Python311\Lib\site-packages\flask\app.py", line 802, in handle_user_exception
    return self.handle_http_exception(e)
           ^^^^^^^^^^^^^^^^^^^^^^^^^^^^^
  File "C:\Users\yashw\AppData\Local\Programs\Python\Python311\Lib\site-packages\flask\app.py", line 777, in handle_http_exception
    return self.ensure_sync(handler)(e)  # type: ignore[no-any-return]
           ^^^^^^^^^^^^^^^^^^^^^^^^^^^^
  File "C:\Desktop\WLOVE\decepti_trap\app.py", line 63, in not_found
    return render_template('404.html'), 404
           ^^^^^^^^^^^^^^^^^^^^^^^^^^^
  File "C:\Users\yashw\AppData\Local\Programs\Python\Python311\Lib\site-packages\flask\templating.py", line 149, in render_template
    template = app.jinja_env.get_or_select_template(template_name_or_list)
               ^^^^^^^^^^^^^^^^^^^^^^^^^^^^^^^^^^^^^^^^^^^^^^^^^^^^^^^^^^^
  File "C:\Users\yashw\AppData\Local\Programs\Python\Python311\Lib\site-packages\jinja2\environment.py", line 1087, in get_or_select_template
    return self.get_template(template_name_or_list, parent, globals)
           ^^^^^^^^^^^^^^^^^^^^^^^^^^^^^^^^^^^^^^^^^^^^^^^^^^^^^^^^^
  File "C:\Users\yashw\AppData\Local\Programs\Python\Python311\Lib\site-packages\jinja2\environment.py", line 1016, in get_template
    return self._load_template(name, globals)
           ^^^^^^^^^^^^^^^^^^^^^^^^^^^^^^^^^^
  File "C:\Users\yashw\AppData\Local\Programs\Python\Python311\Lib\site-packages\jinja2\environment.py", line 975, in _load_template
    template = self.loader.load(self, name, self.make_globals(globals))
               ^^^^^^^^^^^^^^^^^^^^^^^^^^^^^^^^^^^^^^^^^^^^^^^^^^^^^^^^
  File "C:\Users\yashw\AppData\Local\Programs\Python\Python311\Lib\site-packages\jinja2\loaders.py", line 126, in load
    source, filename, uptodate = self.get_source(environment, name)
                                 ^^^^^^^^^^^^^^^^^^^^^^^^^^^^^^^^^^
  File "C:\Users\yashw\AppData\Local\Programs\Python\Python311\Lib\site-packages\flask\templating.py", line 65, in get_source
    return self._get_source_fast(environment, template)
           ^^^^^^^^^^^^^^^^^^^^^^^^^^^^^^^^^^^^^^^^^^^^
  File "C:\Users\yashw\AppData\Local\Programs\Python\Python311\Lib\site-packages\flask\templating.py", line 99, in _get_source_fast
    raise TemplateNotFound(template)
jinja2.exceptions.TemplateNotFound: 404.html
2026-07-05 16:01:11,221 127.0.0.1 - - [05/Jul/2026 16:01:11] "[35m[1mGET /favicon.ico HTTP/1.1[0m" 500 -
2026-07-05 16:01:11,691 127.0.0.1 GET /admin | Mozilla/5.0 (Windows NT 10.0; Win64; x64) AppleWebKit/537.36 (KHTML, like Gecko) Chrome/150.0.0.0 Safari/537.36
2026-07-05 16:01:11,691 Exception on /admin [GET]
Traceback (most recent call last):
  File "C:\Users\yashw\AppData\Local\Programs\Python\Python311\Lib\site-packages\flask\app.py", line 1511, in wsgi_app
    response = self.full_dispatch_request()
               ^^^^^^^^^^^^^^^^^^^^^^^^^^^^
  File "C:\Users\yashw\AppData\Local\Programs\Python\Python311\Lib\site-packages\flask\app.py", line 919, in full_dispatch_request
    rv = self.handle_user_exception(e)
         ^^^^^^^^^^^^^^^^^^^^^^^^^^^^^
  File "C:\Users\yashw\AppData\Local\Programs\Python\Python311\Lib\site-packages\flask\app.py", line 917, in full_dispatch_request
    rv = self.dispatch_request()
         ^^^^^^^^^^^^^^^^^^^^^^^
  File "C:\Users\yashw\AppData\Local\Programs\Python\Python311\Lib\site-packages\flask\app.py", line 902, in dispatch_request
    return self.ensure_sync(self.view_functions[rule.endpoint])(**view_args)  # type: ignore[no-any-return]
           ^^^^^^^^^^^^^^^^^^^^^^^^^^^^^^^^^^^^^^^^^^^^^^^^^^^^^^^^^^^^^^^^^
  File "C:\Desktop\WLOVE\decepti_trap\app.py", line 31, in admin
    return render_template('admin.html', error=error)
           ^^^^^^^^^^^^^^^^^^^^^^^^^^^^^^^^^^^^^^^^^^
  File "C:\Users\yashw\AppData\Local\Programs\Python\Python311\Lib\site-packages\flask\templating.py", line 149, in render_template
    template = app.jinja_env.get_or_select_template(template_name_or_list)
               ^^^^^^^^^^^^^^^^^^^^^^^^^^^^^^^^^^^^^^^^^^^^^^^^^^^^^^^^^^^
  File "C:\Users\yashw\AppData\Local\Programs\Python\Python311\Lib\site-packages\jinja2\environment.py", line 1087, in get_or_select_template
    return self.get_template(template_name_or_list, parent, globals)
           ^^^^^^^^^^^^^^^^^^^^^^^^^^^^^^^^^^^^^^^^^^^^^^^^^^^^^^^^^
  File "C:\Users\yashw\AppData\Local\Programs\Python\Python311\Lib\site-packages\jinja2\environment.py", line 1016, in get_template
    return self._load_template(name, globals)
           ^^^^^^^^^^^^^^^^^^^^^^^^^^^^^^^^^^
  File "C:\Users\yashw\AppData\Local\Programs\Python\Python311\Lib\site-packages\jinja2\environment.py", line 975, in _load_template
    template = self.loader.load(self, name, self.make_globals(globals))
               ^^^^^^^^^^^^^^^^^^^^^^^^^^^^^^^^^^^^^^^^^^^^^^^^^^^^^^^^
  File "C:\Users\yashw\AppData\Local\Programs\Python\Python311\Lib\site-packages\jinja2\loaders.py", line 126, in load
    source, filename, uptodate = self.get_source(environment, name)
                                 ^^^^^^^^^^^^^^^^^^^^^^^^^^^^^^^^^^
  File "C:\Users\yashw\AppData\Local\Programs\Python\Python311\Lib\site-packages\flask\templating.py", line 65, in get_source
    return self._get_source_fast(environment, template)
           ^^^^^^^^^^^^^^^^^^^^^^^^^^^^^^^^^^^^^^^^^^^^
  File "C:\Users\yashw\AppData\Local\Programs\Python\Python311\Lib\site-packages\flask\templating.py", line 99, in _get_source_fast
    raise TemplateNotFound(template)
jinja2.exceptions.TemplateNotFound: admin.html
2026-07-05 16:01:11,692 127.0.0.1 - - [05/Jul/2026 16:01:11] "[35m[1mGET /admin HTTP/1.1[0m" 500 -
2026-07-05 16:01:12,056 127.0.0.1 GET /favicon.ico | Mozilla/5.0 (Windows NT 10.0; Win64; x64) AppleWebKit/537.36 (KHTML, like Gecko) Chrome/150.0.0.0 Safari/537.36
2026-07-05 16:01:12,056 Exception on /favicon.ico [GET]
Traceback (most recent call last):
  File "C:\Users\yashw\AppData\Local\Programs\Python\Python311\Lib\site-packages\flask\app.py", line 917, in full_dispatch_request
    rv = self.dispatch_request()
         ^^^^^^^^^^^^^^^^^^^^^^^
  File "C:\Users\yashw\AppData\Local\Programs\Python\Python311\Lib\site-packages\flask\app.py", line 891, in dispatch_request
    self.raise_routing_exception(req)
  File "C:\Users\yashw\AppData\Local\Programs\Python\Python311\Lib\site-packages\flask\app.py", line 500, in raise_routing_exception
    raise request.routing_exception  # type: ignore[misc]
    ^^^^^^^^^^^^^^^^^^^^^^^^^^^^^^^
  File "C:\Users\yashw\AppData\Local\Programs\Python\Python311\Lib\site-packages\flask\ctx.py", line 362, in match_request
    result = self.url_adapter.match(return_rule=True)  # type: ignore
             ^^^^^^^^^^^^^^^^^^^^^^^^^^^^^^^^^^^^^^^^
  File "C:\Users\yashw\AppData\Local\Programs\Python\Python311\Lib\site-packages\werkzeug\routing\map.py", line 629, in match
    raise NotFound() from None
werkzeug.exceptions.NotFound: 404 Not Found: The requested URL was not found on the server. If you entered the URL manually please check your spelling and try again.

During handling of the above exception, another exception occurred:

Traceback (most recent call last):
  File "C:\Users\yashw\AppData\Local\Programs\Python\Python311\Lib\site-packages\flask\app.py", line 1511, in wsgi_app
    response = self.full_dispatch_request()
               ^^^^^^^^^^^^^^^^^^^^^^^^^^^^
  File "C:\Users\yashw\AppData\Local\Programs\Python\Python311\Lib\site-packages\flask\app.py", line 919, in full_dispatch_request
    rv = self.handle_user_exception(e)
         ^^^^^^^^^^^^^^^^^^^^^^^^^^^^^
  File "C:\Users\yashw\AppData\Local\Programs\Python\Python311\Lib\site-packages\flask\app.py", line 802, in handle_user_exception
    return self.handle_http_exception(e)
           ^^^^^^^^^^^^^^^^^^^^^^^^^^^^^
  File "C:\Users\yashw\AppData\Local\Programs\Python\Python311\Lib\site-packages\flask\app.py", line 777, in handle_http_exception
    return self.ensure_sync(handler)(e)  # type: ignore[no-any-return]
           ^^^^^^^^^^^^^^^^^^^^^^^^^^^^
  File "C:\Desktop\WLOVE\decepti_trap\app.py", line 63, in not_found
    return render_template('404.html'), 404
           ^^^^^^^^^^^^^^^^^^^^^^^^^^^
  File "C:\Users\yashw\AppData\Local\Programs\Python\Python311\Lib\site-packages\flask\templating.py", line 149, in render_template
    template = app.jinja_env.get_or_select_template(template_name_or_list)
               ^^^^^^^^^^^^^^^^^^^^^^^^^^^^^^^^^^^^^^^^^^^^^^^^^^^^^^^^^^^
  File "C:\Users\yashw\AppData\Local\Programs\Python\Python311\Lib\site-packages\jinja2\environment.py", line 1087, in get_or_select_template
    return self.get_template(template_name_or_list, parent, globals)
           ^^^^^^^^^^^^^^^^^^^^^^^^^^^^^^^^^^^^^^^^^^^^^^^^^^^^^^^^^
  File "C:\Users\yashw\AppData\Local\Programs\Python\Python311\Lib\site-packages\jinja2\environment.py", line 1016, in get_template
    return self._load_template(name, globals)
           ^^^^^^^^^^^^^^^^^^^^^^^^^^^^^^^^^^
  File "C:\Users\yashw\AppData\Local\Programs\Python\Python311\Lib\site-packages\jinja2\environment.py", line 975, in _load_template
    template = self.loader.load(self, name, self.make_globals(globals))
               ^^^^^^^^^^^^^^^^^^^^^^^^^^^^^^^^^^^^^^^^^^^^^^^^^^^^^^^^
  File "C:\Users\yashw\AppData\Local\Programs\Python\Python311\Lib\site-packages\jinja2\loaders.py", line 126, in load
    source, filename, uptodate = self.get_source(environment, name)
                                 ^^^^^^^^^^^^^^^^^^^^^^^^^^^^^^^^^^
  File "C:\Users\yashw\AppData\Local\Programs\Python\Python311\Lib\site-packages\flask\templating.py", line 65, in get_source
    return self._get_source_fast(environment, template)
           ^^^^^^^^^^^^^^^^^^^^^^^^^^^^^^^^^^^^^^^^^^^^
  File "C:\Users\yashw\AppData\Local\Programs\Python\Python311\Lib\site-packages\flask\templating.py", line 99, in _get_source_fast
    raise TemplateNotFound(template)
jinja2.exceptions.TemplateNotFound: 404.html
2026-07-05 16:01:12,058 127.0.0.1 - - [05/Jul/2026 16:01:12] "[35m[1mGET /favicon.ico HTTP/1.1[0m" 500 -
2026-07-05 16:01:17,306 Exception on /deceptitrap-dashboard [GET]
Traceback (most recent call last):
  File "C:\Users\yashw\AppData\Local\Programs\Python\Python311\Lib\site-packages\flask\app.py", line 1511, in wsgi_app
    response = self.full_dispatch_request()
               ^^^^^^^^^^^^^^^^^^^^^^^^^^^^
  File "C:\Users\yashw\AppData\Local\Programs\Python\Python311\Lib\site-packages\flask\app.py", line 919, in full_dispatch_request
    rv = self.handle_user_exception(e)
         ^^^^^^^^^^^^^^^^^^^^^^^^^^^^^
  File "C:\Users\yashw\AppData\Local\Programs\Python\Python311\Lib\site-packages\flask\app.py", line 917, in full_dispatch_request
    rv = self.dispatch_request()
         ^^^^^^^^^^^^^^^^^^^^^^^
  File "C:\Users\yashw\AppData\Local\Programs\Python\Python311\Lib\site-packages\flask\app.py", line 902, in dispatch_request
    return self.ensure_sync(self.view_functions[rule.endpoint])(**view_args)  # type: ignore[no-any-return]
           ^^^^^^^^^^^^^^^^^^^^^^^^^^^^^^^^^^^^^^^^^^^^^^^^^^^^^^^^^^^^^^^^^
  File "C:\Desktop\WLOVE\decepti_trap\app.py", line 68, in dashboard
    return render_template('dashboard.html')
           ^^^^^^^^^^^^^^^^^^^^^^^^^^^^^^^^^
  File "C:\Users\yashw\AppData\Local\Programs\Python\Python311\Lib\site-packages\flask\templating.py", line 149, in render_template
    template = app.jinja_env.get_or_select_template(template_name_or_list)
               ^^^^^^^^^^^^^^^^^^^^^^^^^^^^^^^^^^^^^^^^^^^^^^^^^^^^^^^^^^^
  File "C:\Users\yashw\AppData\Local\Programs\Python\Python311\Lib\site-packages\jinja2\environment.py", line 1087, in get_or_select_template
    return self.get_template(template_name_or_list, parent, globals)
           ^^^^^^^^^^^^^^^^^^^^^^^^^^^^^^^^^^^^^^^^^^^^^^^^^^^^^^^^^
  File "C:\Users\yashw\AppData\Local\Programs\Python\Python311\Lib\site-packages\jinja2\environment.py", line 1016, in get_template
    return self._load_template(name, globals)
           ^^^^^^^^^^^^^^^^^^^^^^^^^^^^^^^^^^
  File "C:\Users\yashw\AppData\Local\Programs\Python\Python311\Lib\site-packages\jinja2\environment.py", line 975, in _load_template
    template = self.loader.load(self, name, self.make_globals(globals))
               ^^^^^^^^^^^^^^^^^^^^^^^^^^^^^^^^^^^^^^^^^^^^^^^^^^^^^^^^
  File "C:\Users\yashw\AppData\Local\Programs\Python\Python311\Lib\site-packages\jinja2\loaders.py", line 126, in load
    source, filename, uptodate = self.get_source(environment, name)
                                 ^^^^^^^^^^^^^^^^^^^^^^^^^^^^^^^^^^
  File "C:\Users\yashw\AppData\Local\Programs\Python\Python311\Lib\site-packages\flask\templating.py", line 65, in get_source
    return self._get_source_fast(environment, template)
           ^^^^^^^^^^^^^^^^^^^^^^^^^^^^^^^^^^^^^^^^^^^^
  File "C:\Users\yashw\AppData\Local\Programs\Python\Python311\Lib\site-packages\flask\templating.py", line 99, in _get_source_fast
    raise TemplateNotFound(template)
jinja2.exceptions.TemplateNotFound: dashboard.html
2026-07-05 16:01:17,307 127.0.0.1 - - [05/Jul/2026 16:01:17] "[35m[1mGET /deceptitrap-dashboard HTTP/1.1[0m" 500 -
2026-07-05 16:01:17,575 127.0.0.1 GET /favicon.ico | Mozilla/5.0 (Windows NT 10.0; Win64; x64) AppleWebKit/537.36 (KHTML, like Gecko) Code/1.126.0 Chrome/148.0.7778.97 Electron/42.2.0 Safari/537.36
2026-07-05 16:01:17,575 Exception on /favicon.ico [GET]
Traceback (most recent call last):
  File "C:\Users\yashw\AppData\Local\Programs\Python\Python311\Lib\site-packages\flask\app.py", line 917, in full_dispatch_request
    rv = self.dispatch_request()
         ^^^^^^^^^^^^^^^^^^^^^^^
  File "C:\Users\yashw\AppData\Local\Programs\Python\Python311\Lib\site-packages\flask\app.py", line 891, in dispatch_request
    self.raise_routing_exception(req)
  File "C:\Users\yashw\AppData\Local\Programs\Python\Python311\Lib\site-packages\flask\app.py", line 500, in raise_routing_exception
    raise request.routing_exception  # type: ignore[misc]
    ^^^^^^^^^^^^^^^^^^^^^^^^^^^^^^^
  File "C:\Users\yashw\AppData\Local\Programs\Python\Python311\Lib\site-packages\flask\ctx.py", line 362, in match_request
    result = self.url_adapter.match(return_rule=True)  # type: ignore
             ^^^^^^^^^^^^^^^^^^^^^^^^^^^^^^^^^^^^^^^^
  File "C:\Users\yashw\AppData\Local\Programs\Python\Python311\Lib\site-packages\werkzeug\routing\map.py", line 629, in match
    raise NotFound() from None
werkzeug.exceptions.NotFound: 404 Not Found: The requested URL was not found on the server. If you entered the URL manually please check your spelling and try again.

During handling of the above exception, another exception occurred:

Traceback (most recent call last):
  File "C:\Users\yashw\AppData\Local\Programs\Python\Python311\Lib\site-packages\flask\app.py", line 1511, in wsgi_app
    response = self.full_dispatch_request()
               ^^^^^^^^^^^^^^^^^^^^^^^^^^^^
  File "C:\Users\yashw\AppData\Local\Programs\Python\Python311\Lib\site-packages\flask\app.py", line 919, in full_dispatch_request
    rv = self.handle_user_exception(e)
         ^^^^^^^^^^^^^^^^^^^^^^^^^^^^^
  File "C:\Users\yashw\AppData\Local\Programs\Python\Python311\Lib\site-packages\flask\app.py", line 802, in handle_user_exception
    return self.handle_http_exception(e)
           ^^^^^^^^^^^^^^^^^^^^^^^^^^^^^
  File "C:\Users\yashw\AppData\Local\Programs\Python\Python311\Lib\site-packages\flask\app.py", line 777, in handle_http_exception
    return self.ensure_sync(handler)(e)  # type: ignore[no-any-return]
           ^^^^^^^^^^^^^^^^^^^^^^^^^^^^
  File "C:\Desktop\WLOVE\decepti_trap\app.py", line 63, in not_found
    return render_template('404.html'), 404
           ^^^^^^^^^^^^^^^^^^^^^^^^^^^
  File "C:\Users\yashw\AppData\Local\Programs\Python\Python311\Lib\site-packages\flask\templating.py", line 149, in render_template
    template = app.jinja_env.get_or_select_template(template_name_or_list)
               ^^^^^^^^^^^^^^^^^^^^^^^^^^^^^^^^^^^^^^^^^^^^^^^^^^^^^^^^^^^
  File "C:\Users\yashw\AppData\Local\Programs\Python\Python311\Lib\site-packages\jinja2\environment.py", line 1087, in get_or_select_template
    return self.get_template(template_name_or_list, parent, globals)
           ^^^^^^^^^^^^^^^^^^^^^^^^^^^^^^^^^^^^^^^^^^^^^^^^^^^^^^^^^
  File "C:\Users\yashw\AppData\Local\Programs\Python\Python311\Lib\site-packages\jinja2\environment.py", line 1016, in get_template
    return self._load_template(name, globals)
           ^^^^^^^^^^^^^^^^^^^^^^^^^^^^^^^^^^
  File "C:\Users\yashw\AppData\Local\Programs\Python\Python311\Lib\site-packages\jinja2\environment.py", line 975, in _load_template
    template = self.loader.load(self, name, self.make_globals(globals))
               ^^^^^^^^^^^^^^^^^^^^^^^^^^^^^^^^^^^^^^^^^^^^^^^^^^^^^^^^
  File "C:\Users\yashw\AppData\Local\Programs\Python\Python311\Lib\site-packages\jinja2\loaders.py", line 126, in load
    source, filename, uptodate = self.get_source(environment, name)
                                 ^^^^^^^^^^^^^^^^^^^^^^^^^^^^^^^^^^
  File "C:\Users\yashw\AppData\Local\Programs\Python\Python311\Lib\site-packages\flask\templating.py", line 65, in get_source
    return self._get_source_fast(environment, template)
           ^^^^^^^^^^^^^^^^^^^^^^^^^^^^^^^^^^^^^^^^^^^^
  File "C:\Users\yashw\AppData\Local\Programs\Python\Python311\Lib\site-packages\flask\templating.py", line 99, in _get_source_fast
    raise TemplateNotFound(template)
jinja2.exceptions.TemplateNotFound: 404.html
2026-07-05 16:01:17,577 127.0.0.1 - - [05/Jul/2026 16:01:17] "[35m[1mGET /favicon.ico HTTP/1.1[0m" 500 -
2026-07-05 16:02:15,833 [31m[1mWARNING: This is a development server. Do not use it in a production deployment. Use a production WSGI server instead.[0m
 * Running on all addresses (0.0.0.0)
 * Running on http://127.0.0.1:5000
 * Running on http://192.168.0.101:5000
2026-07-05 16:02:15,833 [33mPress CTRL+C to quit[0m
2026-07-05 16:02:30,103 Exception on /deceptitrap-dashboard [GET]
Traceback (most recent call last):
  File "C:\Users\yashw\AppData\Local\Programs\Python\Python311\Lib\site-packages\flask\app.py", line 1511, in wsgi_app
    response = self.full_dispatch_request()
               ^^^^^^^^^^^^^^^^^^^^^^^^^^^^
  File "C:\Users\yashw\AppData\Local\Programs\Python\Python311\Lib\site-packages\flask\app.py", line 919, in full_dispatch_request
    rv = self.handle_user_exception(e)
         ^^^^^^^^^^^^^^^^^^^^^^^^^^^^^
  File "C:\Users\yashw\AppData\Local\Programs\Python\Python311\Lib\site-packages\flask\app.py", line 917, in full_dispatch_request
    rv = self.dispatch_request()
         ^^^^^^^^^^^^^^^^^^^^^^^
  File "C:\Users\yashw\AppData\Local\Programs\Python\Python311\Lib\site-packages\flask\app.py", line 902, in dispatch_request
    return self.ensure_sync(self.view_functions[rule.endpoint])(**view_args)  # type: ignore[no-any-return]
           ^^^^^^^^^^^^^^^^^^^^^^^^^^^^^^^^^^^^^^^^^^^^^^^^^^^^^^^^^^^^^^^^^
  File "C:\Desktop\WLOVE\decepti_trap\app.py", line 68, in dashboard
    return render_template('dashboard.html')
           ^^^^^^^^^^^^^^^^^^^^^^^^^^^^^^^^^
  File "C:\Users\yashw\AppData\Local\Programs\Python\Python311\Lib\site-packages\flask\templating.py", line 149, in render_template
    template = app.jinja_env.get_or_select_template(template_name_or_list)
               ^^^^^^^^^^^^^^^^^^^^^^^^^^^^^^^^^^^^^^^^^^^^^^^^^^^^^^^^^^^
  File "C:\Users\yashw\AppData\Local\Programs\Python\Python311\Lib\site-packages\jinja2\environment.py", line 1087, in get_or_select_template
    return self.get_template(template_name_or_list, parent, globals)
           ^^^^^^^^^^^^^^^^^^^^^^^^^^^^^^^^^^^^^^^^^^^^^^^^^^^^^^^^^
  File "C:\Users\yashw\AppData\Local\Programs\Python\Python311\Lib\site-packages\jinja2\environment.py", line 1016, in get_template
    return self._load_template(name, globals)
           ^^^^^^^^^^^^^^^^^^^^^^^^^^^^^^^^^^
  File "C:\Users\yashw\AppData\Local\Programs\Python\Python311\Lib\site-packages\jinja2\environment.py", line 975, in _load_template
    template = self.loader.load(self, name, self.make_globals(globals))
               ^^^^^^^^^^^^^^^^^^^^^^^^^^^^^^^^^^^^^^^^^^^^^^^^^^^^^^^^
  File "C:\Users\yashw\AppData\Local\Programs\Python\Python311\Lib\site-packages\jinja2\loaders.py", line 126, in load
    source, filename, uptodate = self.get_source(environment, name)
                                 ^^^^^^^^^^^^^^^^^^^^^^^^^^^^^^^^^^
  File "C:\Users\yashw\AppData\Local\Programs\Python\Python311\Lib\site-packages\flask\templating.py", line 65, in get_source
    return self._get_source_fast(environment, template)
           ^^^^^^^^^^^^^^^^^^^^^^^^^^^^^^^^^^^^^^^^^^^^
  File "C:\Users\yashw\AppData\Local\Programs\Python\Python311\Lib\site-packages\flask\templating.py", line 99, in _get_source_fast
    raise TemplateNotFound(template)
jinja2.exceptions.TemplateNotFound: dashboard.html
2026-07-05 16:02:30,106 127.0.0.1 - - [05/Jul/2026 16:02:30] "[35m[1mGET /deceptitrap-dashboard HTTP/1.1[0m" 500 -
2026-07-05 16:04:20,439 [31m[1mWARNING: This is a development server. Do not use it in a production deployment. Use a production WSGI server instead.[0m
 * Running on all addresses (0.0.0.0)
 * Running on http://127.0.0.1:5000
 * Running on http://192.168.0.101:5000
2026-07-05 16:04:20,439 [33mPress CTRL+C to quit[0m
2026-07-05 16:04:24,521 Exception on /deceptitrap-dashboard [GET]
Traceback (most recent call last):
  File "C:\Users\yashw\AppData\Local\Programs\Python\Python311\Lib\site-packages\flask\app.py", line 1511, in wsgi_app
    response = self.full_dispatch_request()
               ^^^^^^^^^^^^^^^^^^^^^^^^^^^^
  File "C:\Users\yashw\AppData\Local\Programs\Python\Python311\Lib\site-packages\flask\app.py", line 919, in full_dispatch_request
    rv = self.handle_user_exception(e)
         ^^^^^^^^^^^^^^^^^^^^^^^^^^^^^
  File "C:\Users\yashw\AppData\Local\Programs\Python\Python311\Lib\site-packages\flask\app.py", line 917, in full_dispatch_request
    rv = self.dispatch_request()
         ^^^^^^^^^^^^^^^^^^^^^^^
  File "C:\Users\yashw\AppData\Local\Programs\Python\Python311\Lib\site-packages\flask\app.py", line 902, in dispatch_request
    return self.ensure_sync(self.view_functions[rule.endpoint])(**view_args)  # type: ignore[no-any-return]
           ^^^^^^^^^^^^^^^^^^^^^^^^^^^^^^^^^^^^^^^^^^^^^^^^^^^^^^^^^^^^^^^^^
  File "C:\Desktop\WLOVE\decepti_trap\app.py", line 68, in dashboard
    return render_template('dashboard.html')
           ^^^^^^^^^^^^^^^^^^^^^^^^^^^^^^^^^
  File "C:\Users\yashw\AppData\Local\Programs\Python\Python311\Lib\site-packages\flask\templating.py", line 149, in render_template
    template = app.jinja_env.get_or_select_template(template_name_or_list)
               ^^^^^^^^^^^^^^^^^^^^^^^^^^^^^^^^^^^^^^^^^^^^^^^^^^^^^^^^^^^
  File "C:\Users\yashw\AppData\Local\Programs\Python\Python311\Lib\site-packages\jinja2\environment.py", line 1087, in get_or_select_template
    return self.get_template(template_name_or_list, parent, globals)
           ^^^^^^^^^^^^^^^^^^^^^^^^^^^^^^^^^^^^^^^^^^^^^^^^^^^^^^^^^
  File "C:\Users\yashw\AppData\Local\Programs\Python\Python311\Lib\site-packages\jinja2\environment.py", line 1016, in get_template
    return self._load_template(name, globals)
           ^^^^^^^^^^^^^^^^^^^^^^^^^^^^^^^^^^
  File "C:\Users\yashw\AppData\Local\Programs\Python\Python311\Lib\site-packages\jinja2\environment.py", line 975, in _load_template
    template = self.loader.load(self, name, self.make_globals(globals))
               ^^^^^^^^^^^^^^^^^^^^^^^^^^^^^^^^^^^^^^^^^^^^^^^^^^^^^^^^
  File "C:\Users\yashw\AppData\Local\Programs\Python\Python311\Lib\site-packages\jinja2\loaders.py", line 126, in load
    source, filename, uptodate = self.get_source(environment, name)
                                 ^^^^^^^^^^^^^^^^^^^^^^^^^^^^^^^^^^
  File "C:\Users\yashw\AppData\Local\Programs\Python\Python311\Lib\site-packages\flask\templating.py", line 65, in get_source
    return self._get_source_fast(environment, template)
           ^^^^^^^^^^^^^^^^^^^^^^^^^^^^^^^^^^^^^^^^^^^^
  File "C:\Users\yashw\AppData\Local\Programs\Python\Python311\Lib\site-packages\flask\templating.py", line 99, in _get_source_fast
    raise TemplateNotFound(template)
jinja2.exceptions.TemplateNotFound: dashboard.html
2026-07-05 16:04:24,524 127.0.0.1 - - [05/Jul/2026 16:04:24] "[35m[1mGET /deceptitrap-dashboard HTTP/1.1[0m" 500 -
2026-07-05 16:05:59,345 [31m[1mWARNING: This is a development server. Do not use it in a production deployment. Use a production WSGI server instead.[0m
 * Running on all addresses (0.0.0.0)
 * Running on http://127.0.0.1:5000
 * Running on http://192.168.0.101:5000
2026-07-05 16:05:59,346 [33mPress CTRL+C to quit[0m
2026-07-05 16:05:59,347  * Restarting with stat
2026-07-05 16:05:59,639  * Debugger is active!
2026-07-05 16:05:59,643  * Debugger PIN: 869-235-573
2026-07-05 16:06:03,025 127.0.0.1 - - [05/Jul/2026 16:06:03] "[35m[1mGET /deceptitrap-dashboard HTTP/1.1[0m" 500 -
2026-07-05 16:06:03,319 127.0.0.1 - - [05/Jul/2026 16:06:03] "GET /deceptitrap-dashboard?__debugger__=yes&cmd=resource&f=style.css HTTP/1.1" 200 -
2026-07-05 16:06:03,374 127.0.0.1 - - [05/Jul/2026 16:06:03] "GET /deceptitrap-dashboard?__debugger__=yes&cmd=resource&f=debugger.js HTTP/1.1" 200 -
2026-07-05 16:06:03,453 127.0.0.1 - - [05/Jul/2026 16:06:03] "GET /deceptitrap-dashboard?__debugger__=yes&cmd=resource&f=console.png&s=v6wOXTxaJrBd0ejD9AST HTTP/1.1" 200 -
2026-07-05 16:06:03,761 127.0.0.1 - - [05/Jul/2026 16:06:03] "GET /deceptitrap-dashboard?__debugger__=yes&cmd=resource&f=console.png HTTP/1.1" 200 -
2026-07-05 16:06:44,732 127.0.0.1 - - [05/Jul/2026 16:06:44] "[35m[1mGET /deceptitrap-dashboard HTTP/1.1[0m" 500 -
2026-07-05 16:06:44,987 127.0.0.1 - - [05/Jul/2026 16:06:44] "GET /deceptitrap-dashboard?__debugger__=yes&cmd=resource&f=style.css HTTP/1.1" 200 -
2026-07-05 16:06:45,102 127.0.0.1 - - [05/Jul/2026 16:06:45] "GET /deceptitrap-dashboard?__debugger__=yes&cmd=resource&f=debugger.js HTTP/1.1" 200 -
2026-07-05 16:06:45,159 127.0.0.1 - - [05/Jul/2026 16:06:45] "GET /deceptitrap-dashboard?__debugger__=yes&cmd=resource&f=console.png&s=v6wOXTxaJrBd0ejD9AST HTTP/1.1" 200 -
2026-07-05 16:06:45,507 127.0.0.1 - - [05/Jul/2026 16:06:45] "GET /deceptitrap-dashboard?__debugger__=yes&cmd=resource&f=console.png HTTP/1.1" 200 -
2026-07-05 16:07:25,948  * Detected change in 'C:\\Desktop\\WLOVE\\decepti_trap\\main.py', reloading
2026-07-05 16:07:25,978  * Restarting with stat
2026-07-05 16:10:28,425 [31m[1mWARNING: This is a development server. Do not use it in a production deployment. Use a production WSGI server instead.[0m
 * Running on all addresses (0.0.0.0)
 * Running on http://127.0.0.1:5000
 * Running on http://192.168.0.101:5000
2026-07-05 16:10:28,425 [33mPress CTRL+C to quit[0m
2026-07-05 16:10:28,425  * Restarting with stat
2026-07-05 16:10:28,756  * Debugger is active!
2026-07-05 16:10:28,761  * Debugger PIN: 869-235-573
2026-07-05 16:10:51,800 127.0.0.1 - - [05/Jul/2026 16:10:51] "GET /deceptitrap-dashboard HTTP/1.1" 200 -
2026-07-05 16:10:52,051 127.0.0.1 - - [05/Jul/2026 16:10:52] "GET /api/stats HTTP/1.1" 200 -
2026-07-05 16:10:52,330 127.0.0.1 - - [05/Jul/2026 16:10:52] "GET /api/attacks HTTP/1.1" 200 -
2026-07-05 16:10:52,367 127.0.0.1 GET /favicon.ico | Mozilla/5.0 (Windows NT 10.0; Win64; x64) AppleWebKit/537.36 (KHTML, like Gecko) Chrome/150.0.0.0 Safari/537.36
2026-07-05 16:10:52,368 127.0.0.1 - - [05/Jul/2026 16:10:52] "[33mGET /favicon.ico HTTP/1.1[0m" 404 -
2026-07-05 16:10:56,021 127.0.0.1 - - [05/Jul/2026 16:10:56] "GET /api/stats HTTP/1.1" 200 -
2026-07-05 16:10:56,332 127.0.0.1 - - [05/Jul/2026 16:10:56] "GET /api/attacks HTTP/1.1" 200 -
2026-07-05 16:11:00,016 127.0.0.1 - - [05/Jul/2026 16:11:00] "GET /api/stats HTTP/1.1" 200 -
2026-07-05 16:11:00,327 127.0.0.1 - - [05/Jul/2026 16:11:00] "GET /api/attacks HTTP/1.1" 200 -
2026-07-05 16:11:04,014 127.0.0.1 - - [05/Jul/2026 16:11:04] "GET /api/stats HTTP/1.1" 200 -
2026-07-05 16:11:04,328 127.0.0.1 - - [05/Jul/2026 16:11:04] "GET /api/attacks HTTP/1.1" 200 -
2026-07-05 16:11:08,016 127.0.0.1 - - [05/Jul/2026 16:11:08] "GET /api/stats HTTP/1.1" 200 -
2026-07-05 16:11:08,326 127.0.0.1 - - [05/Jul/2026 16:11:08] "GET /api/attacks HTTP/1.1" 200 -
2026-07-05 16:11:12,287 127.0.0.1 - - [05/Jul/2026 16:11:12] "GET /api/stats HTTP/1.1" 200 -
2026-07-05 16:11:12,598 127.0.0.1 - - [05/Jul/2026 16:11:12] "GET /api/attacks HTTP/1.1" 200 -
2026-07-05 16:11:16,299 127.0.0.1 - - [05/Jul/2026 16:11:16] "GET /api/stats HTTP/1.1" 200 -
2026-07-05 16:11:16,612 127.0.0.1 - - [05/Jul/2026 16:11:16] "GET /api/attacks HTTP/1.1" 200 -
2026-07-05 16:11:20,292 127.0.0.1 - - [05/Jul/2026 16:11:20] "GET /api/stats HTTP/1.1" 200 -
2026-07-05 16:11:20,606 127.0.0.1 - - [05/Jul/2026 16:11:20] "GET /api/attacks HTTP/1.1" 200 -
2026-07-05 16:11:24,290 127.0.0.1 - - [05/Jul/2026 16:11:24] "GET /api/stats HTTP/1.1" 200 -
2026-07-05 16:11:24,599 127.0.0.1 - - [05/Jul/2026 16:11:24] "GET /api/attacks HTTP/1.1" 200 -
2026-07-05 16:11:28,293 127.0.0.1 - - [05/Jul/2026 16:11:28] "GET /api/stats HTTP/1.1" 200 -
2026-07-05 16:11:28,605 127.0.0.1 - - [05/Jul/2026 16:11:28] "GET /api/attacks HTTP/1.1" 200 -
2026-07-05 16:11:32,293 127.0.0.1 - - [05/Jul/2026 16:11:32] "GET /api/stats HTTP/1.1" 200 -
2026-07-05 16:11:32,605 127.0.0.1 - - [05/Jul/2026 16:11:32] "GET /api/attacks HTTP/1.1" 200 -
2026-07-05 16:11:36,290 127.0.0.1 - - [05/Jul/2026 16:11:36] "GET /api/stats HTTP/1.1" 200 -
2026-07-05 16:11:36,598 127.0.0.1 - - [05/Jul/2026 16:11:36] "GET /api/attacks HTTP/1.1" 200 -
2026-07-05 16:11:40,287 127.0.0.1 - - [05/Jul/2026 16:11:40] "GET /api/stats HTTP/1.1" 200 -
2026-07-05 16:11:40,600 127.0.0.1 - - [05/Jul/2026 16:11:40] "GET /api/attacks HTTP/1.1" 200 -
2026-07-05 16:11:44,291 127.0.0.1 - - [05/Jul/2026 16:11:44] "GET /api/stats HTTP/1.1" 200 -
2026-07-05 16:11:44,602 127.0.0.1 - - [05/Jul/2026 16:11:44] "GET /api/attacks HTTP/1.1" 200 -
2026-07-05 16:11:48,296 127.0.0.1 - - [05/Jul/2026 16:11:48] "GET /api/stats HTTP/1.1" 200 -
2026-07-05 16:11:48,606 127.0.0.1 - - [05/Jul/2026 16:11:48] "GET /api/attacks HTTP/1.1" 200 -
2026-07-05 16:11:52,291 127.0.0.1 - - [05/Jul/2026 16:11:52] "GET /api/stats HTTP/1.1" 200 -
2026-07-05 16:11:52,605 127.0.0.1 - - [05/Jul/2026 16:11:52] "GET /api/attacks HTTP/1.1" 200 -
2026-07-05 16:11:56,298 127.0.0.1 - - [05/Jul/2026 16:11:56] "GET /api/stats HTTP/1.1" 200 -
2026-07-05 16:11:56,607 127.0.0.1 - - [05/Jul/2026 16:11:56] "GET /api/attacks HTTP/1.1" 200 -
2026-07-05 16:12:00,286 127.0.0.1 - - [05/Jul/2026 16:12:00] "GET /api/stats HTTP/1.1" 200 -
2026-07-05 16:12:00,597 127.0.0.1 - - [05/Jul/2026 16:12:00] "GET /api/attacks HTTP/1.1" 200 -
2026-07-05 16:12:04,029 127.0.0.1 - - [05/Jul/2026 16:12:04] "GET /api/stats HTTP/1.1" 200 -
2026-07-05 16:12:04,341 127.0.0.1 - - [05/Jul/2026 16:12:04] "GET /api/attacks HTTP/1.1" 200 -
2026-07-05 16:12:08,023 127.0.0.1 - - [05/Jul/2026 16:12:08] "GET /api/stats HTTP/1.1" 200 -
2026-07-05 16:12:08,332 127.0.0.1 - - [05/Jul/2026 16:12:08] "GET /api/attacks HTTP/1.1" 200 -
2026-07-05 16:12:12,021 127.0.0.1 - - [05/Jul/2026 16:12:12] "GET /api/stats HTTP/1.1" 200 -
2026-07-05 16:12:12,329 127.0.0.1 - - [05/Jul/2026 16:12:12] "GET /api/attacks HTTP/1.1" 200 -
2026-07-05 16:12:16,016 127.0.0.1 - - [05/Jul/2026 16:12:16] "GET /api/stats HTTP/1.1" 200 -
2026-07-05 16:12:16,334 127.0.0.1 - - [05/Jul/2026 16:12:16] "GET /api/attacks HTTP/1.1" 200 -
2026-07-05 16:12:20,018 127.0.0.1 - - [05/Jul/2026 16:12:20] "GET /api/stats HTTP/1.1" 200 -
2026-07-05 16:12:20,329 127.0.0.1 - - [05/Jul/2026 16:12:20] "GET /api/attacks HTTP/1.1" 200 -
2026-07-05 16:12:23,767 127.0.0.1 GET /admin | Mozilla/5.0 (Windows NT; Windows NT 10.0; en-IN) WindowsPowerShell/5.1.26100.8737
2026-07-05 16:12:23,769 127.0.0.1 - - [05/Jul/2026 16:12:23] "GET /admin HTTP/1.1" 200 -
2026-07-05 16:12:24,026 127.0.0.1 - - [05/Jul/2026 16:12:24] "GET /api/stats HTTP/1.1" 200 -
2026-07-05 16:12:24,337 127.0.0.1 - - [05/Jul/2026 16:12:24] "GET /api/attacks HTTP/1.1" 200 -
2026-07-05 16:12:28,022 127.0.0.1 - - [05/Jul/2026 16:12:28] "GET /api/stats HTTP/1.1" 200 -
2026-07-05 16:12:28,333 127.0.0.1 - - [05/Jul/2026 16:12:28] "GET /api/attacks HTTP/1.1" 200 -
2026-07-05 16:12:32,016 127.0.0.1 - - [05/Jul/2026 16:12:32] "GET /api/stats HTTP/1.1" 200 -
2026-07-05 16:12:32,326 127.0.0.1 - - [05/Jul/2026 16:12:32] "GET /api/attacks HTTP/1.1" 200 -
2026-07-05 16:12:36,015 127.0.0.1 - - [05/Jul/2026 16:12:36] "GET /api/stats HTTP/1.1" 200 -
2026-07-05 16:12:36,332 127.0.0.1 - - [05/Jul/2026 16:12:36] "GET /api/attacks HTTP/1.1" 200 -
2026-07-05 16:12:40,014 127.0.0.1 - - [05/Jul/2026 16:12:40] "GET /api/stats HTTP/1.1" 200 -
2026-07-05 16:12:40,334 127.0.0.1 - - [05/Jul/2026 16:12:40] "GET /api/attacks HTTP/1.1" 200 -
2026-07-05 16:12:44,016 127.0.0.1 - - [05/Jul/2026 16:12:44] "GET /api/stats HTTP/1.1" 200 -
2026-07-05 16:12:44,334 127.0.0.1 - - [05/Jul/2026 16:12:44] "GET /api/attacks HTTP/1.1" 200 -
2026-07-05 16:12:48,294 127.0.0.1 - - [05/Jul/2026 16:12:48] "GET /api/stats HTTP/1.1" 200 -
2026-07-05 16:12:48,605 127.0.0.1 - - [05/Jul/2026 16:12:48] "GET /api/attacks HTTP/1.1" 200 -
2026-07-05 16:12:52,287 127.0.0.1 - - [05/Jul/2026 16:12:52] "GET /api/stats HTTP/1.1" 200 -
2026-07-05 16:12:52,597 127.0.0.1 - - [05/Jul/2026 16:12:52] "GET /api/attacks HTTP/1.1" 200 -
2026-07-05 16:12:56,296 127.0.0.1 - - [05/Jul/2026 16:12:56] "GET /api/stats HTTP/1.1" 200 -
2026-07-05 16:12:56,605 127.0.0.1 - - [05/Jul/2026 16:12:56] "GET /api/attacks HTTP/1.1" 200 -
2026-07-05 16:13:00,288 127.0.0.1 - - [05/Jul/2026 16:13:00] "GET /api/stats HTTP/1.1" 200 -
2026-07-05 16:13:00,598 127.0.0.1 - - [05/Jul/2026 16:13:00] "GET /api/attacks HTTP/1.1" 200 -
2026-07-05 16:13:04,290 127.0.0.1 - - [05/Jul/2026 16:13:04] "GET /api/stats HTTP/1.1" 200 -
2026-07-05 16:13:04,599 127.0.0.1 - - [05/Jul/2026 16:13:04] "GET /api/attacks HTTP/1.1" 200 -
2026-07-05 16:13:08,292 127.0.0.1 - - [05/Jul/2026 16:13:08] "GET /api/stats HTTP/1.1" 200 -
2026-07-05 16:13:08,606 127.0.0.1 - - [05/Jul/2026 16:13:08] "GET /api/attacks HTTP/1.1" 200 -
2026-07-05 16:13:12,283 127.0.0.1 - - [05/Jul/2026 16:13:12] "GET /api/stats HTTP/1.1" 200 -
2026-07-05 16:13:12,592 127.0.0.1 - - [05/Jul/2026 16:13:12] "GET /api/attacks HTTP/1.1" 200 -
2026-07-05 16:13:16,289 127.0.0.1 - - [05/Jul/2026 16:13:16] "GET /api/stats HTTP/1.1" 200 -
2026-07-05 16:13:16,599 127.0.0.1 - - [05/Jul/2026 16:13:16] "GET /api/attacks HTTP/1.1" 200 -
2026-07-05 16:13:20,284 127.0.0.1 - - [05/Jul/2026 16:13:20] "GET /api/stats HTTP/1.1" 200 -
2026-07-05 16:13:20,594 127.0.0.1 - - [05/Jul/2026 16:13:20] "GET /api/attacks HTTP/1.1" 200 -
2026-07-05 16:13:24,298 127.0.0.1 - - [05/Jul/2026 16:13:24] "GET /api/stats HTTP/1.1" 200 -
2026-07-05 16:13:24,606 127.0.0.1 - - [05/Jul/2026 16:13:24] "GET /api/attacks HTTP/1.1" 200 -
2026-07-05 16:13:28,284 127.0.0.1 - - [05/Jul/2026 16:13:28] "GET /api/stats HTTP/1.1" 200 -
2026-07-05 16:13:28,593 127.0.0.1 - - [05/Jul/2026 16:13:28] "GET /api/attacks HTTP/1.1" 200 -
2026-07-05 16:13:32,297 127.0.0.1 - - [05/Jul/2026 16:13:32] "GET /api/stats HTTP/1.1" 200 -
2026-07-05 16:13:32,606 127.0.0.1 - - [05/Jul/2026 16:13:32] "GET /api/attacks HTTP/1.1" 200 -
2026-07-05 16:13:36,295 127.0.0.1 - - [05/Jul/2026 16:13:36] "GET /api/stats HTTP/1.1" 200 -
2026-07-05 16:13:36,605 127.0.0.1 - - [05/Jul/2026 16:13:36] "GET /api/attacks HTTP/1.1" 200 -
2026-07-05 16:13:40,293 127.0.0.1 - - [05/Jul/2026 16:13:40] "GET /api/stats HTTP/1.1" 200 -
2026-07-05 16:13:40,606 127.0.0.1 - - [05/Jul/2026 16:13:40] "GET /api/attacks HTTP/1.1" 200 -
2026-07-05 16:13:44,027 127.0.0.1 - - [05/Jul/2026 16:13:44] "GET /api/stats HTTP/1.1" 200 -
2026-07-05 16:13:44,335 127.0.0.1 - - [05/Jul/2026 16:13:44] "GET /api/attacks HTTP/1.1" 200 -
2026-07-05 16:13:48,028 127.0.0.1 - - [05/Jul/2026 16:13:48] "GET /api/stats HTTP/1.1" 200 -
2026-07-05 16:13:48,345 127.0.0.1 - - [05/Jul/2026 16:13:48] "GET /api/attacks HTTP/1.1" 200 -
2026-07-05 16:13:52,014 127.0.0.1 - - [05/Jul/2026 16:13:52] "GET /api/stats HTTP/1.1" 200 -
2026-07-05 16:13:52,329 127.0.0.1 - - [05/Jul/2026 16:13:52] "GET /api/attacks HTTP/1.1" 200 -
2026-07-05 16:13:56,015 127.0.0.1 - - [05/Jul/2026 16:13:56] "GET /api/stats HTTP/1.1" 200 -
2026-07-05 16:13:56,324 127.0.0.1 - - [05/Jul/2026 16:13:56] "GET /api/attacks HTTP/1.1" 200 -
2026-07-05 16:14:00,019 127.0.0.1 - - [05/Jul/2026 16:14:00] "GET /api/stats HTTP/1.1" 200 -
2026-07-05 16:14:00,334 127.0.0.1 - - [05/Jul/2026 16:14:00] "GET /api/attacks HTTP/1.1" 200 -
2026-07-05 16:14:01,399 127.0.0.1 - - [05/Jul/2026 16:14:01] "GET /deceptitrap-dashboard HTTP/1.1" 200 -
2026-07-05 16:14:01,746 127.0.0.1 - - [05/Jul/2026 16:14:01] "GET /api/stats HTTP/1.1" 200 -
2026-07-05 16:14:02,010 127.0.0.1 - - [05/Jul/2026 16:14:02] "GET /api/attacks HTTP/1.1" 200 -
